Archive member included to satisfy reference by file (symbol)

c:/nxp/mcuxpressoide_10.2.1_795/ide/tools/bin/../lib/gcc/arm-none-eabi/7.2.1/thumb/v6-m\libgcc.a(_udivsi3.o)
                              ./utilities/fsl_debug_console.o (__aeabi_uidiv)
c:/nxp/mcuxpressoide_10.2.1_795/ide/tools/bin/../lib/gcc/arm-none-eabi/7.2.1/thumb/v6-m\libgcc.a(_divsi3.o)
                              ./utilities/fsl_debug_console.o (__aeabi_idiv)
c:/nxp/mcuxpressoide_10.2.1_795/ide/tools/bin/../lib/gcc/arm-none-eabi/7.2.1/thumb/v6-m\libgcc.a(_dvmd_tls.o)
                              c:/nxp/mcuxpressoide_10.2.1_795/ide/tools/bin/../lib/gcc/arm-none-eabi/7.2.1/thumb/v6-m\libgcc.a(_udivsi3.o) (__aeabi_idiv0)
c:/nxp/mcuxpressoide_10.2.1_795/ide/tools/bin/../lib/gcc/arm-none-eabi/7.2.1/thumb/v6-m\libgcc.a(divsf3.o)
                              ./source/MMA8451Q/MMA8451Q.o (__aeabi_fdiv)
c:/nxp/mcuxpressoide_10.2.1_795/ide/tools/bin/../lib/gcc/arm-none-eabi/7.2.1/thumb/v6-m\libgcc.a(floatsisf.o)
                              ./source/MMA8451Q/MMA8451Q.o (__aeabi_i2f)
c:/nxp/mcuxpressoide_10.2.1_795/ide/tools/bin/../lib/gcc/arm-none-eabi/7.2.1/thumb/v6-m\libgcc.a(extendsfdf2.o)
                              ./source/ULOHA.o (__aeabi_f2d)
c:/nxp/mcuxpressoide_10.2.1_795/ide/tools/bin/../lib/gcc/arm-none-eabi/7.2.1/thumb/v6-m\libgcc.a(unwind-arm.o)
                              ./startup/startup_mkl25z4.o (__aeabi_unwind_cpp_pr0)
c:/nxp/mcuxpressoide_10.2.1_795/ide/tools/bin/../lib/gcc/arm-none-eabi/7.2.1/thumb/v6-m\libgcc.a(libunwind.o)
                              c:/nxp/mcuxpressoide_10.2.1_795/ide/tools/bin/../lib/gcc/arm-none-eabi/7.2.1/thumb/v6-m\libgcc.a(unwind-arm.o) (restore_core_regs)
c:/nxp/mcuxpressoide_10.2.1_795/ide/tools/bin/../lib/gcc/arm-none-eabi/7.2.1/thumb/v6-m\libgcc.a(pr-support.o)
                              c:/nxp/mcuxpressoide_10.2.1_795/ide/tools/bin/../lib/gcc/arm-none-eabi/7.2.1/thumb/v6-m\libgcc.a(unwind-arm.o) (__gnu_unwind_execute)
c:/nxp/mcuxpressoide_10.2.1_795/ide/tools/bin/../lib/gcc/arm-none-eabi/7.2.1/thumb/v6-m\libgcc.a(_clzsi2.o)
                              c:/nxp/mcuxpressoide_10.2.1_795/ide/tools/bin/../lib/gcc/arm-none-eabi/7.2.1/thumb/v6-m\libgcc.a(divsf3.o) (__clzsi2)
c:/nxp/mcuxpressoide_10.2.1_795/ide/tools/bin/../lib/gcc/arm-none-eabi/7.2.1/../../../../arm-none-eabi/lib/thumb/v6-m\libc_nano.a(lib_a-abort.o)
                              c:/nxp/mcuxpressoide_10.2.1_795/ide/tools/bin/../lib/gcc/arm-none-eabi/7.2.1/thumb/v6-m\libgcc.a(unwind-arm.o) (abort)
c:/nxp/mcuxpressoide_10.2.1_795/ide/tools/bin/../lib/gcc/arm-none-eabi/7.2.1/../../../../arm-none-eabi/lib/thumb/v6-m\libc_nano.a(lib_a-init.o)
                              ./startup/startup_mkl25z4.o (__libc_init_array)
c:/nxp/mcuxpressoide_10.2.1_795/ide/tools/bin/../lib/gcc/arm-none-eabi/7.2.1/../../../../arm-none-eabi/lib/thumb/v6-m\libc_nano.a(lib_a-memcpy-stub.o)
                              ./drivers/fsl_flash.o (memcpy)
c:/nxp/mcuxpressoide_10.2.1_795/ide/tools/bin/../lib/gcc/arm-none-eabi/7.2.1/../../../../arm-none-eabi/lib/thumb/v6-m\libc_nano.a(lib_a-memset.o)
                              ./source/MMA8451Q/MMA8451Q.o (memset)
c:/nxp/mcuxpressoide_10.2.1_795/ide/tools/bin/../lib/gcc/arm-none-eabi/7.2.1/../../../../arm-none-eabi/lib/thumb/v6-m\libc_nano.a(lib_a-signal.o)
                              c:/nxp/mcuxpressoide_10.2.1_795/ide/tools/bin/../lib/gcc/arm-none-eabi/7.2.1/../../../../arm-none-eabi/lib/thumb/v6-m\libc_nano.a(lib_a-abort.o) (raise)
c:/nxp/mcuxpressoide_10.2.1_795/ide/tools/bin/../lib/gcc/arm-none-eabi/7.2.1/../../../../arm-none-eabi/lib/thumb/v6-m\libc_nano.a(lib_a-signalr.o)
                              c:/nxp/mcuxpressoide_10.2.1_795/ide/tools/bin/../lib/gcc/arm-none-eabi/7.2.1/../../../../arm-none-eabi/lib/thumb/v6-m\libc_nano.a(lib_a-signal.o) (_kill_r)
c:/nxp/mcuxpressoide_10.2.1_795/ide/tools/bin/../lib/gcc/arm-none-eabi/7.2.1/../../../../arm-none-eabi/lib/thumb/v6-m\libc_nano.a(lib_a-strlen.o)
                              ./utilities/fsl_debug_console.o (strlen)
c:/nxp/mcuxpressoide_10.2.1_795/ide/tools/bin/../lib/gcc/arm-none-eabi/7.2.1/../../../../arm-none-eabi/lib/thumb/v6-m\libc_nano.a(lib_a-impure.o)
                              c:/nxp/mcuxpressoide_10.2.1_795/ide/tools/bin/../lib/gcc/arm-none-eabi/7.2.1/../../../../arm-none-eabi/lib/thumb/v6-m\libc_nano.a(lib_a-signal.o) (_impure_ptr)
c:/nxp/mcuxpressoide_10.2.1_795/ide/tools/bin/../lib/gcc/arm-none-eabi/7.2.1/../../../../arm-none-eabi/lib/thumb/v6-m\libc_nano.a(lib_a-nano-mallocr.o)
                              c:/nxp/mcuxpressoide_10.2.1_795/ide/tools/bin/../lib/gcc/arm-none-eabi/7.2.1/../../../../arm-none-eabi/lib/thumb/v6-m\libc_nano.a(lib_a-signal.o) (_malloc_r)
c:/nxp/mcuxpressoide_10.2.1_795/ide/tools/bin/../lib/gcc/arm-none-eabi/7.2.1/../../../../arm-none-eabi/lib/thumb/v6-m\libc_nano.a(lib_a-reent.o)
[...]
Memory Configuration

Name             Origin             Length             Attributes
PROGRAM_FLASH    0x00000000         0x00020000         xr
SRAM             0x1ffff000         0x00004000         xrw
*default*        0x00000000         0xffffffff

Linker script and memory map

LOAD ./utilities/fsl_debug_console.o
LOAD ./startup/startup_mkl25z4.o
LOAD ./source/MMA8451Q/MMA8451Q.o
LOAD ./source/ULOHA.o
LOAD ./source/mtb.o
LOAD ./source/semihost_hardfault.o
LOAD ./drivers/fsl_adc16.o
LOAD ./drivers/fsl_clock.o
LOAD ./drivers/fsl_cmp.o
LOAD ./drivers/fsl_common.o
LOAD ./drivers/fsl_cop.o
LOAD ./drivers/fsl_dac.o
LOAD ./drivers/fsl_dma.o
LOAD ./drivers/fsl_dmamux.o
LOAD ./drivers/fsl_flash.o
LOAD ./drivers/fsl_gpio.o
LOAD ./drivers/fsl_i2c.o
LOAD ./drivers/fsl_i2c_dma.o
LOAD ./drivers/fsl_llwu.o
LOAD ./drivers/fsl_lpsci.o
LOAD ./drivers/fsl_lpsci_dma.o
LOAD ./drivers/fsl_lptmr.o
LOAD ./drivers/fsl_pit.o
LOAD ./drivers/fsl_pmc.o
LOAD ./drivers/fsl_rcm.o
LOAD ./drivers/fsl_rtc.o
LOAD ./drivers/fsl_sim.o
LOAD ./drivers/fsl_smc.o
LOAD ./drivers/fsl_spi.o
LOAD ./drivers/fsl_spi_dma.o
LOAD ./drivers/fsl_tpm.o
LOAD ./drivers/fsl_tsi_v4.o
LOAD ./drivers/fsl_uart.o
LOAD ./drivers/fsl_uart_dma.o
LOAD ./board/board.o
LOAD ./board/clock_config.o
LOAD ./board/peripherals.o
LOAD ./board/pin_mux.o
LOAD ./CMSIS/system_MKL25Z4.o
START GROUP
LOAD c:/nxp/mcuxpressoide_10.2.1_795/ide/tools/bin/../lib/gcc/arm-none-eabi/7.2.1/thumb/v6-m\libgcc.a
LOAD c:/nxp/mcuxpressoide_10.2.1_795/ide/tools/bin/../lib/gcc/arm-none-eabi/7.2.1/../../../../arm-none-eabi/lib/thumb/v6-m\libc_nano.a
LOAD c:/nxp/mcuxpressoide_10.2.1_795/ide/tools/bin/../lib/gcc/arm-none-eabi/7.2.1/../../../../arm-none-eabi/lib/thumb/v6-m\libstdc++_nano.a
LOAD c:/nxp/mcuxpressoide_10.2.1_795/ide/tools/bin/../lib/gcc/arm-none-eabi/7.2.1/../../../../arm-none-eabi/lib/thumb/v6-m\libm.a
LOAD c:/nxp/mcuxpressoide_10.2.1_795/ide/tools/bin/../lib/gcc/arm-none-eabi/7.2.1/../../../../arm-none-eabi/lib/thumb/v6-m\libcr_newlib_nohost.a
LOAD c:/nxp/mcuxpressoide_10.2.1_795/ide/tools/bin/../lib/gcc/arm-none-eabi/7.2.1/thumb/v6-m\crti.o
LOAD c:/nxp/mcuxpressoide_10.2.1_795/ide/tools/bin/../lib/gcc/arm-none-eabi/7.2.1/thumb/v6-m\crtn.o
LOAD c:/nxp/mcuxpressoide_10.2.1_795/ide/tools/bin/../lib/gcc/arm-none-eabi/7.2.1/thumb/v6-m\crtbegin.o
LOAD c:/nxp/mcuxpressoide_10.2.1_795/ide/tools/bin/../lib/gcc/arm-none-eabi/7.2.1/thumb/v6-m\crtend.o
END GROUP
                0x00000000                __base_PROGRAM_FLASH = 0x0
                0x00000000                __base_Flash = 0x0
                0x00020000                __top_PROGRAM_FLASH = 0x20000
                0x00020000                __top_Flash = 0x20000
                0x1ffff000                __base_SRAM = 0x1ffff000
                0x1ffff000                __base_RAM = 0x1ffff000
                0x20003000                __top_SRAM = 0x20003000
                0x20003000                __top_RAM = 0x20003000

.text           0x00000000     0x5c5c
 FILL mask 0xff
                0x00000000                __vectors_start__ = ABSOLUTE (.)
 *(.isr_vector)
 .isr_vector    0x00000000       0xc0 ./startup/startup_mkl25z4.o
                0x00000000                g_pfnVectors
                0x00000000                __Vectors
                0x000000c0                . = ALIGN (0x4)
                0x000000c0                __section_table_start = .
                0x000000c0                __data_section_table = .
                0x000000c0        0x4 LONG 0x5e68 LOADADDR (.data)
                0x000000c4        0x4 LONG 0x1ffff080 ADDR (.data)
                0x000000c8        0x4 LONG 0x74 SIZEOF (.data)
                0x000000cc                __data_section_table_end = .
                0x000000cc                __bss_section_table = .
                0x000000cc        0x4 LONG 0x1ffff0f4 ADDR (.bss)
                0x000000d0        0x4 LONG 0x8c SIZEOF (.bss)
                0x000000d4                __bss_section_table_end = .
                0x000000d4                __section_table_end = .
 *(.after_vectors*)
 .after_vectors.init_data
                0x000000d4       0x16 ./startup/startup_mkl25z4.o
                0x000000d4                data_init(unsigned int, unsigned int, unsigned int)
 .after_vectors.init_bss
                0x000000ea       0x12 ./startup/startup_mkl25z4.o
                0x000000ea                bss_init(unsigned int, unsigned int)
 .after_vectors.reset
                0x000000fc       0x50 ./startup/startup_mkl25z4.o
                0x000000fc                ResetISR
 .after_vectors
                0x0000014c      0x10c ./startup/startup_mkl25z4.o
                0x0000014c                NMI_Handler
                0x00000150                SVC_Handler
                0x00000152                PendSV_Handler
                0x00000154                SysTick_Handler
                0x00000156                LPTMR0_DriverIRQHandler
                0x00000156                PORTD_DriverIRQHandler
                0x00000156                Reserved39_DriverIRQHandler
                0x00000156                CMP0_DriverIRQHandler
                0x00000156                ADC0_DriverIRQHandler
                0x00000156                TPM0_DriverIRQHandler
                0x00000156                TPM2_DriverIRQHandler
                0x00000156                PIT_DriverIRQHandler
                0x00000156                RTC_DriverIRQHandler
                0x00000156                TSI0_DriverIRQHandler
                0x00000156                RTC_Seconds_DriverIRQHandler
                0x00000156                TPM1_DriverIRQHandler
                0x00000156                PORTA_DriverIRQHandler
                0x00000156                LLWU_DriverIRQHandler
                0x00000156                MCG_DriverIRQHandler
                0x00000156                Reserved45_DriverIRQHandler
                0x00000156                Reserved20_DriverIRQHandler
                0x00000156                DAC0_DriverIRQHandler
                0x00000156                FTFA_DriverIRQHandler
                0x00000156                IntDefaultHandler
                0x00000156                USB0_DriverIRQHandler
                0x00000156                LVD_LVW_DriverIRQHandler
                0x00000158                DMA0_IRQHandler
                0x00000160                DMA1_IRQHandler
                0x00000168                DMA2_IRQHandler
                0x00000170                DMA3_IRQHandler
                0x00000178                Reserved20_IRQHandler
                0x00000180                FTFA_IRQHandler
                0x00000188                LVD_LVW_IRQHandler
                0x00000190                LLWU_IRQHandler
                0x00000198                I2C0_IRQHandler
                0x000001a0                I2C1_IRQHandler
                0x000001a8                SPI0_IRQHandler
                0x000001b0                SPI1_IRQHandler
                0x000001b8                UART0_IRQHandler
                0x000001c0                UART1_IRQHandler
                0x000001c8                UART2_IRQHandler
                0x000001d0                ADC0_IRQHandler
                0x000001d8                CMP0_IRQHandler
                0x000001e0                TPM0_IRQHandler
                0x000001e8                TPM1_IRQHandler
                0x000001f0                TPM2_IRQHandler
                0x000001f8                RTC_IRQHandler
                0x00000200                RTC_Seconds_IRQHandler
                0x00000208                PIT_IRQHandler
                0x00000210                Reserved39_IRQHandler
                0x00000218                USB0_IRQHandler
                0x00000220                DAC0_IRQHandler
                0x00000228                TSI0_IRQHandler
                0x00000230                MCG_IRQHandler
                0x00000238                LPTMR0_IRQHandler
                0x00000240                Reserved45_IRQHandler
                0x00000248                PORTA_IRQHandler
                0x00000250                PORTD_IRQHandler
                0x00000400                . = 0x400
 *fill*         0x00000258      0x1a8 ff
                0x00000400                PROVIDE (__FLASH_CONFIG_START__, .)
 *(.FlashConfig)
 .FlashConfig   0x00000400       0x10 ./startup/startup_mkl25z4.o
                0x00000410                PROVIDE (__FLASH_CONFIG_END__, .)
                0x00000001                ASSERT (! ((__FLASH_CONFIG_START__ == __FLASH_CONFIG_END__)), Linker Flash Config Support Enabled, but no .FlashConfig section provided within application)
 *(.text*)
 .text.UART_EnableTx
                0x00000410       0x40 ./utilities/fsl_debug_console.o
 .text.UART_EnableRx
                0x00000450       0x40 ./utilities/fsl_debug_console.o
 .text.LPSCI_EnableTx
                0x00000490       0x40 ./utilities/fsl_debug_console.o
 .text.LPSCI_EnableRx
                0x000004d0       0x40 ./utilities/fsl_debug_console.o
 .text.DbgConsole_Init
                0x00000510       0xf4 ./utilities/fsl_debug_console.o
                0x00000510                DbgConsole_Init
 .text.DbgConsole_Printf
                0x00000604       0x44 ./utilities/fsl_debug_console.o
                0x00000604                DbgConsole_Printf
 .text.DbgConsole_Putchar
                0x00000648       0x34 ./utilities/fsl_debug_console.o
                0x00000648                DbgConsole_Putchar
 .text.DbgConsole_PrintfPaddingCharacter
                0x0000067c       0x46 ./utilities/fsl_debug_console.o
 .text.DbgConsole_ConvertRadixNumToString
                0x000006c2      0x114 ./utilities/fsl_debug_console.o
 .text.DbgConsole_PrintfFormattedData
                0x000007d6      0x32c ./utilities/fsl_debug_console.o
 *fill*         0x00000b02        0x2 ff
 .text          0x00000b04      0x2ac ./source/MMA8451Q/MMA8451Q.o
                0x00000b04                MMA8451Q::MMA8451Q(unsigned char)
                0x00000b04                MMA8451Q::MMA8451Q(unsigned char)
                0x00000b60                MMA8451Q::~MMA8451Q()
                0x00000b60                MMA8451Q::~MMA8451Q()
                0x00000b72                MMA8451Q::getWhoAmI()
                0x00000b9e                MMA8451Q::getAccX()
                0x00000bce                MMA8451Q::getAccY()
                0x00000bfe                MMA8451Q::getAccZ()
                0x00000c2e                MMA8451Q::getAccAllAxis(float*)
                0x00000c70                MMA8451Q::getAccAxis(unsigned char)
                0x00000ce0                MMA8451Q::readRegs(int, unsigned char*, int)
                0x00000d44                MMA8451Q::writeRegs(unsigned char*, int)
 .text          0x00000db0      0x16c ./source/ULOHA.o
                0x00000dfc                main
 .text.HardFault_Handler
                0x00000f1c       0x30 ./source/semihost_hardfault.o
                0x00000f1c                HardFault_Handler
 .text.CLOCK_SetEr32kClock
                0x00000f4c       0x34 ./drivers/fsl_clock.o
 .text.CLOCK_SetPllFllSelClock
                0x00000f80       0x38 ./drivers/fsl_clock.o
 .text.OSC_SetExtRefClkConfig
                0x00000fb8       0x3e ./drivers/fsl_clock.o
 .text.OSC_SetCapLoad
                0x00000ff6       0x42 ./drivers/fsl_clock.o
 .text.CLOCK_GetMcgExtClkFreq
                0x00001038       0x34 ./drivers/fsl_clock.o
 .text.CLOCK_GetFllExtRefClkFreq
                0x0000106c       0xa4 ./drivers/fsl_clock.o
 .text.CLOCK_GetFllRefClkFreq
                0x00001110       0x2c ./drivers/fsl_clock.o
 .text.CLOCK_GetPll0RefFreq
                0x0000113c       0x10 ./drivers/fsl_clock.o
 .text.CLOCK_GetOscRangeFromFreq
                0x0000114c       0x4c ./drivers/fsl_clock.o
 .text.CLOCK_GetPllFllSelClkFreq
                0x00001198       0x4c ./drivers/fsl_clock.o
                0x00001198                CLOCK_GetPllFllSelClkFreq
 .text.CLOCK_SetSimConfig
                0x000011e4       0x38 ./drivers/fsl_clock.o
                0x000011e4                CLOCK_SetSimConfig
 .text.CLOCK_GetFllFreq
                0x0000121c       0x84 ./drivers/fsl_clock.o
                0x0000121c                CLOCK_GetFllFreq
 .text.CLOCK_GetPll0Freq
                0x000012a0       0x80 ./drivers/fsl_clock.o
                0x000012a0                CLOCK_GetPll0Freq
 .text.CLOCK_SetExternalRefClkConfig
                0x00001320       0x16 ./drivers/fsl_clock.o
                0x00001320                CLOCK_SetExternalRefClkConfig
 *fill*         0x00001336        0x2 ff
 .text.CLOCK_SetInternalRefClkConfig
                0x00001338      0x128 ./drivers/fsl_clock.o
                0x00001338                CLOCK_SetInternalRefClkConfig
 .text.CLOCK_EnablePll0
                0x00001460       0xa0 ./drivers/fsl_clock.o
                0x00001460                CLOCK_EnablePll0
 .text.CLOCK_InitOsc0
                0x00001500       0x94 ./drivers/fsl_clock.o
                0x00001500                CLOCK_InitOsc0
 .text.CLOCK_SetPbeMode
                0x00001594       0xc0 ./drivers/fsl_clock.o
                0x00001594                CLOCK_SetPbeMode
 .text.CLOCK_BootToPeeMode
                0x00001654       0x80 ./drivers/fsl_clock.o
                0x00001654                CLOCK_BootToPeeMode
 .text.__assert_func
                0x000016d4       0x28 ./drivers/fsl_common.o
                0x000016d4                __assert_func
 .text.DMA_ClearChannelStatusFlags
                0x000016fc       0x64 ./drivers/fsl_dma.o
 .text.DMA_HandleIRQ
                0x00001760       0x60 ./drivers/fsl_dma.o
                0x00001760                DMA_HandleIRQ
 .text.DMA0_DriverIRQHandler
                0x000017c0       0x18 ./drivers/fsl_dma.o
                0x000017c0                DMA0_DriverIRQHandler
 .text.DMA1_DriverIRQHandler
                0x000017d8       0x18 ./drivers/fsl_dma.o
                0x000017d8                DMA1_DriverIRQHandler
 .text.DMA2_DriverIRQHandler
                0x000017f0       0x18 ./drivers/fsl_dma.o
                0x000017f0                DMA2_DriverIRQHandler
 .text.DMA3_DriverIRQHandler
                0x00001808       0x18 ./drivers/fsl_dma.o
                0x00001808                DMA3_DriverIRQHandler
 .text.CLOCK_EnableClock
                0x00001820       0x34 ./drivers/fsl_i2c.o
 .text.I2C_MasterClearStatusFlags
                0x00001854       0x38 ./drivers/fsl_i2c.o
 .text.I2C_GetInstance
                0x0000188c       0x58 ./drivers/fsl_i2c.o
                0x0000188c                I2C_GetInstance
 .text.I2C_CheckAndClearError
                0x000018e4       0x40 ./drivers/fsl_i2c.o
 .text.I2C_TransferCommonIRQHandler
                0x00001924       0x54 ./drivers/fsl_i2c.o
 .text.I2C_MasterInit
                0x00001978      0x10c ./drivers/fsl_i2c.o
                0x00001978                I2C_MasterInit
 .text.I2C_MasterGetDefaultConfig
                0x00001a84       0x50 ./drivers/fsl_i2c.o
                0x00001a84                I2C_MasterGetDefaultConfig
 .text.I2C_MasterSetBaudRate
                0x00001ad4       0xf0 ./drivers/fsl_i2c.o
                0x00001ad4                I2C_MasterSetBaudRate
 .text.I2C_MasterStart
                0x00001bc4       0x74 ./drivers/fsl_i2c.o
                0x00001bc4                I2C_MasterStart
 .text.I2C_MasterRepeatedStart
                0x00001c38       0xbc ./drivers/fsl_i2c.o
                0x00001c38                I2C_MasterRepeatedStart
 .text.I2C_MasterStop
                0x00001cf4       0x64 ./drivers/fsl_i2c.o
                0x00001cf4                I2C_MasterStop
 .text.I2C_MasterGetStatusFlags
                0x00001d58       0x32 ./drivers/fsl_i2c.o
                0x00001d58                I2C_MasterGetStatusFlags
 *fill*         0x00001d8a        0x2 ff
 .text.I2C_MasterWriteBlocking
                0x00001d8c       0xec ./drivers/fsl_i2c.o
                0x00001d8c                I2C_MasterWriteBlocking
 .text.I2C_MasterReadBlocking
                0x00001e78       0xea ./drivers/fsl_i2c.o
                0x00001e78                I2C_MasterReadBlocking
 *fill*         0x00001f62        0x2 ff
 .text.I2C_MasterTransferBlocking
                0x00001f64      0x240 ./drivers/fsl_i2c.o
                0x00001f64                I2C_MasterTransferBlocking
 .text.I2C0_DriverIRQHandler
                0x000021a4       0x20 ./drivers/fsl_i2c.o
                0x000021a4                I2C0_DriverIRQHandler
 .text.I2C1_DriverIRQHandler
                0x000021c4       0x20 ./drivers/fsl_i2c.o
                0x000021c4                I2C1_DriverIRQHandler
 .text.CLOCK_EnableClock
                0x000021e4       0x34 ./drivers/fsl_lpsci.o
 .text.LPSCI_GetInstance
                0x00002218       0x54 ./drivers/fsl_lpsci.o
                0x00002218                LPSCI_GetInstance
 .text.LPSCI_Init
                0x0000226c      0x270 ./drivers/fsl_lpsci.o
                0x0000226c                LPSCI_Init
 .text.LPSCI_GetDefaultConfig
                0x000024dc       0x54 ./drivers/fsl_lpsci.o
                0x000024dc                LPSCI_GetDefaultConfig
 .text.LPSCI_GetStatusFlags
                0x00002530       0x26 ./drivers/fsl_lpsci.o
                0x00002530                LPSCI_GetStatusFlags
 *fill*         0x00002556        0x2 ff
 .text.LPSCI_ClearStatusFlags
                0x00002558       0x94 ./drivers/fsl_lpsci.o
                0x00002558                LPSCI_ClearStatusFlags
 .text.LPSCI_WriteBlocking
                0x000025ec       0x5c ./drivers/fsl_lpsci.o
                0x000025ec                LPSCI_WriteBlocking
 .text.LPSCI_ReadBlocking
                0x00002648       0xd0 ./drivers/fsl_lpsci.o
                0x00002648                LPSCI_ReadBlocking
 .text.UART0_DriverIRQHandler
                0x00002718       0x24 ./drivers/fsl_lpsci.o
                0x00002718                UART0_DriverIRQHandler
 .text.SPI_CommonIRQHandler
                0x0000273c       0x54 ./drivers/fsl_spi.o
 .text.SPI0_DriverIRQHandler
                0x00002790       0x40 ./drivers/fsl_spi.o
                0x00002790                SPI0_DriverIRQHandler
 .text.SPI1_DriverIRQHandler
                0x000027d0       0x40 ./drivers/fsl_spi.o
                0x000027d0                SPI1_DriverIRQHandler
 .text.CLOCK_EnableClock
                0x00002810       0x34 ./drivers/fsl_uart.o
 .text.UART_GetInstance
                0x00002844       0x60 ./drivers/fsl_uart.o
                0x00002844                UART_GetInstance
 .text.UART_Init
                0x000028a4      0x1f8 ./drivers/fsl_uart.o
                0x000028a4                UART_Init
 .text.UART_GetDefaultConfig
                0x00002a9c       0x54 ./drivers/fsl_uart.o
                0x00002a9c                UART_GetDefaultConfig
 .text.UART_GetStatusFlags
                0x00002af0       0x26 ./drivers/fsl_uart.o
                0x00002af0                UART_GetStatusFlags
 .text.UART_WriteBlocking
                0x00002b16       0x3a ./drivers/fsl_uart.o
                0x00002b16                UART_WriteBlocking
 .text.UART_ReadBlocking
                0x00002b50       0xa8 ./drivers/fsl_uart.o
                0x00002b50                UART_ReadBlocking
 .text.UART1_DriverIRQHandler
                0x00002bf8       0x24 ./drivers/fsl_uart.o
                0x00002bf8                UART1_DriverIRQHandler
 .text.UART2_DriverIRQHandler
                0x00002c1c       0x24 ./drivers/fsl_uart.o
                0x00002c1c                UART2_DriverIRQHandler
 .text.CLOCK_SetLpsci0Clock
                0x00002c40       0x38 ./board/board.o
 .text.BOARD_InitDebugConsole
                0x00002c78       0x30 ./board/board.o
                0x00002c78                BOARD_InitDebugConsole
 .text.CLOCK_SetSimSafeDivs
                0x00002ca8       0x20 ./board/clock_config.o
 .text.CLOCK_SetXtal0Freq
                0x00002cc8       0x1c ./board/clock_config.o
 .text.CLOCK_CONFIG_SetFllExtRefDiv
                0x00002ce4       0x3c ./board/clock_config.o
 .text.BOARD_InitBootClocks
                0x00002d20        0xe ./board/clock_config.o
                0x00002d20                BOARD_InitBootClocks
 *fill*         0x00002d2e        0x2 ff
 .text.BOARD_BootClockRUN
                0x00002d30       0x64 ./board/clock_config.o
                0x00002d30                BOARD_BootClockRUN
 .text.BOARD_InitBootPeripherals
                0x00002d94        0xa ./board/peripherals.o
                0x00002d94                BOARD_InitBootPeripherals
 *fill*         0x00002d9e        0x2 ff
 .text.CLOCK_EnableClock
                0x00002da0       0x34 ./board/pin_mux.o
 .text.PORT_SetPinMux
                0x00002dd4       0x40 ./board/pin_mux.o
 .text.BOARD_InitBootPins
                0x00002e14        0xe ./board/pin_mux.o
                0x00002e14                BOARD_InitBootPins
 *fill*         0x00002e22        0x2 ff
 .text.BOARD_InitPins
                0x00002e24      0x2bc ./board/pin_mux.o
                0x00002e24                BOARD_InitPins
 .text.SystemInit
                0x000030e0       0x18 ./CMSIS/system_MKL25Z4.o
                0x000030e0                SystemInit
 .text          0x000030f8      0x114 c:/nxp/mcuxpressoide_10.2.1_795/ide/tools/bin/../lib/gcc/arm-none-eabi/7.2.1/thumb/v6-m\libgcc.a(_udivsi3.o)
                0x000030f8                __aeabi_uidiv
                0x000030f8                __udivsi3
                0x00003204                __aeabi_uidivmod
 .text          0x0000320c      0x1d4 c:/nxp/mcuxpressoide_10.2.1_795/ide/tools/bin/../lib/gcc/arm-none-eabi/7.2.1/thumb/v6-m\libgcc.a(_divsi3.o)
                0x0000320c                __divsi3
                0x0000320c                __aeabi_idiv
                0x000033d8                __aeabi_idivmod
 .text          0x000033e0        0x4 c:/nxp/mcuxpressoide_10.2.1_795/ide/tools/bin/../lib/gcc/arm-none-eabi/7.2.1/thumb/v6-m\libgcc.a(_dvmd_tls.o)
                0x000033e0                __aeabi_idiv0
                0x000033e0                __aeabi_ldiv0
 .text          0x000033e4      0x224 c:/nxp/mcuxpressoide_10.2.1_795/ide/tools/bin/../lib/gcc/arm-none-eabi/7.2.1/thumb/v6-m\libgcc.a(divsf3.o)
                0x000033e4                __aeabi_fdiv
 .text          0x00003608       0x94 c:/nxp/mcuxpressoide_10.2.1_795/ide/tools/bin/../lib/gcc/arm-none-eabi/7.2.1/thumb/v6-m\libgcc.a(floatsisf.o)
                0x00003608                __aeabi_i2f
 .text          0x0000369c       0xa4 c:/nxp/mcuxpressoide_10.2.1_795/ide/tools/bin/../lib/gcc/arm-none-eabi/7.2.1/thumb/v6-m\libgcc.a(extendsfdf2.o)
                0x0000369c                __aeabi_f2d
 .text          0x00003740      0xa08 c:/nxp/mcuxpressoide_10.2.1_795/ide/tools/bin/../lib/gcc/arm-none-eabi/7.2.1/thumb/v6-m\libgcc.a(unwind-arm.o)
                0x000039fc                _Unwind_GetCFA
                0x00003a00                __gnu_Unwind_RaiseException
                0x00003a54                __gnu_Unwind_ForcedUnwind
                0x00003a68                __gnu_Unwind_Resume
                0x00003ab0                __gnu_Unwind_Resume_or_Rethrow
                0x00003acc                _Unwind_Complete
                0x00003ad0                _Unwind_DeleteException
                0x00003ae0                _Unwind_VRS_Get
                0x00003b28                _Unwind_VRS_Set
                0x00003b70                __gnu_Unwind_Backtrace
                0x00003ec0                __aeabi_unwind_cpp_pr0
                0x00003ecc                __aeabi_unwind_cpp_pr1
                0x00003ed8                __aeabi_unwind_cpp_pr2
                0x00003ee4                _Unwind_VRS_Pop
 .text          0x00004148      0x144 c:/nxp/mcuxpressoide_10.2.1_795/ide/tools/bin/../lib/gcc/arm-none-eabi/7.2.1/thumb/v6-m\libgcc.a(libunwind.o)
                0x00004148                __restore_core_regs
                0x00004148                restore_core_regs
                0x00004174                __gnu_Unwind_Restore_VFP
                0x00004178                __gnu_Unwind_Save_VFP
                0x0000417c                __gnu_Unwind_Restore_VFP_D
                0x00004180                __gnu_Unwind_Save_VFP_D
                0x00004184                __gnu_Unwind_Restore_VFP_D_16_to_31
                0x00004188                __gnu_Unwind_Save_VFP_D_16_to_31
                0x0000418c                __gnu_Unwind_Restore_WMMXD
                0x00004190                __gnu_Unwind_Save_WMMXD
                0x00004194                __gnu_Unwind_Restore_WMMXC
                0x00004198                __gnu_Unwind_Save_WMMXC
                0x0000419c                ___Unwind_RaiseException
                0x0000419c                _Unwind_RaiseException
                0x000041cc                _Unwind_Resume
                0x000041cc                ___Unwind_Resume
                0x000041fc                _Unwind_Resume_or_Rethrow
                0x000041fc                ___Unwind_Resume_or_Rethrow
                0x0000422c                _Unwind_ForcedUnwind
                0x0000422c                ___Unwind_ForcedUnwind
                0x0000425c                ___Unwind_Backtrace
                0x0000425c                _Unwind_Backtrace
 .text          0x0000428c      0x39c c:/nxp/mcuxpressoide_10.2.1_795/ide/tools/bin/../lib/gcc/arm-none-eabi/7.2.1/thumb/v6-m\libgcc.a(pr-support.o)
                0x000042e0                __gnu_unwind_execute
                0x000045d0                __gnu_unwind_frame
                0x000045f8                _Unwind_GetRegionStart
                0x00004604                _Unwind_GetLanguageSpecificData
                0x00004618                _Unwind_GetDataRelBase
                0x00004620                _Unwind_GetTextRelBase
 .text          0x00004628       0x3c c:/nxp/mcuxpressoide_10.2.1_795/ide/tools/bin/../lib/gcc/arm-none-eabi/7.2.1/thumb/v6-m\libgcc.a(_clzsi2.o)
                0x00004628                __clzsi2
 .text.abort    0x00004664        0xe c:/nxp/mcuxpressoide_10.2.1_795/ide/tools/bin/../lib/gcc/arm-none-eabi/7.2.1/../../../../arm-none-eabi/lib/thumb/v6-m\libc_nano.a(lib_a-abort.o)
                0x00004664                abort
 *fill*         0x00004672        0x2 ff
 .text.__libc_init_array
                0x00004674       0x48 c:/nxp/mcuxpressoide_10.2.1_795/ide/tools/bin/../lib/gcc/arm-none-eabi/7.2.1/../../../../arm-none-eabi/lib/thumb/v6-m\libc_nano.a(lib_a-init.o)
                0x00004674                __libc_init_array
 .text.memcpy   0x000046bc       0x12 c:/nxp/mcuxpressoide_10.2.1_795/ide/tools/bin/../lib/gcc/arm-none-eabi/7.2.1/../../../../arm-none-eabi/lib/thumb/v6-m\libc_nano.a(lib_a-memcpy-stub.o)
                0x000046bc                memcpy
 .text.memset   0x000046ce       0x10 c:/nxp/mcuxpressoide_10.2.1_795/ide/tools/bin/../lib/gcc/arm-none-eabi/7.2.1/../../../../arm-none-eabi/lib/thumb/v6-m\libc_nano.a(lib_a-memset.o)
                0x000046ce                memset
 .text._raise_r
                0x000046de       0x54 c:/nxp/mcuxpressoide_10.2.1_795/ide/tools/bin/../lib/gcc/arm-none-eabi/7.2.1/../../../../arm-none-eabi/lib/thumb/v6-m\libc_nano.a(lib_a-signal.o)
                0x000046de                _raise_r
 *fill*         0x00004732        0x2 ff
 .text.raise    0x00004734       0x14 c:/nxp/mcuxpressoide_10.2.1_795/ide/tools/bin/../lib/gcc/arm-none-eabi/7.2.1/../../../../arm-none-eabi/lib/thumb/v6-m\libc_nano.a(lib_a-signal.o)
                0x00004734                raise
 .text._kill_r  0x00004748       0x24 c:/nxp/mcuxpressoide_10.2.1_795/ide/tools/bin/../lib/gcc/arm-none-eabi/7.2.1/../../../../arm-none-eabi/lib/thumb/v6-m\libc_nano.a(lib_a-signalr.o)
                0x00004748                _kill_r
 .text._getpid_r
                0x0000476c        0x8 c:/nxp/mcuxpressoide_10.2.1_795/ide/tools/bin/../lib/gcc/arm-none-eabi/7.2.1/../../../../arm-none-eabi/lib/thumb/v6-m\libc_nano.a(lib_a-signalr.o)
                0x0000476c                _getpid_r
 .text          0x00004774        0xe c:/nxp/mcuxpressoide_10.2.1_795/ide/tools/bin/../lib/gcc/arm-none-eabi/7.2.1/../../../../arm-none-eabi/lib/thumb/v6-m\libc_nano.a(lib_a-strlen.o)
                0x00004774                strlen
 .text.__malloc_lock
                0x00004782        0x2 c:/nxp/mcuxpressoide_10.2.1_795/ide/tools/bin/../lib/gcc/arm-none-eabi/7.2.1/../../../../arm-none-eabi/lib/thumb/v6-m\libc_nano.a(lib_a-mlock.o)
                0x00004782                __malloc_lock
 .text.__malloc_unlock
                0x00004784        0x2 c:/nxp/mcuxpressoide_10.2.1_795/ide/tools/bin/../lib/gcc/arm-none-eabi/7.2.1/../../../../arm-none-eabi/lib/thumb/v6-m\libc_nano.a(lib_a-mlock.o)
                0x00004784                __malloc_unlock
 *fill*         0x00004786        0x2 ff
 .text._free_r  0x00004788       0x94 c:/nxp/mcuxpressoide_10.2.1_795/ide/tools/bin/../lib/gcc/arm-none-eabi/7.2.1/../../../../arm-none-eabi/lib/thumb/v6-m\libc_nano.a(lib_a-nano-freer.o)
                0x00004788                _free_r
 .text._ZL12read_uleb128PKhPm
                0x0000481c       0x2c c:/nxp/mcuxpressoide_10.2.1_795/ide/tools/bin/../lib/gcc/arm-none-eabi/7.2.1/../../../../arm-none-eabi/lib/thumb/v6-m\libstdc++_nano.a(eh_personality.o)
 .text._ZL12read_sleb128PKhPl
                0x00004848       0x34 c:/nxp/mcuxpressoide_10.2.1_795/ide/tools/bin/../lib/gcc/arm-none-eabi/7.2.1/../../../../arm-none-eabi/lib/thumb/v6-m\libstdc++_nano.a(eh_personality.o)
 .text._ZL28read_encoded_value_with_basehjPKhPj
                0x0000487c       0xb2 c:/nxp/mcuxpressoide_10.2.1_795/ide/tools/bin/../lib/gcc/arm-none-eabi/7.2.1/../../../../arm-none-eabi/lib/thumb/v6-m\libstdc++_nano.a(eh_personality.o)
 .text._Unwind_GetGR
                0x0000492e       0x16 c:/nxp/mcuxpressoide_10.2.1_795/ide/tools/bin/../lib/gcc/arm-none-eabi/7.2.1/../../../../arm-none-eabi/lib/thumb/v6-m\libstdc++_nano.a(eh_personality.o)
 .text._ZL21base_of_encoded_valuehP15_Unwind_Context.part.3
                0x00004944       0x3e c:/nxp/mcuxpressoide_10.2.1_795/ide/tools/bin/../lib/gcc/arm-none-eabi/7.2.1/../../../../arm-none-eabi/lib/thumb/v6-m\libstdc++_nano.a(eh_personality.o)
 .text._ZL18read_encoded_valueP15_Unwind_ContexthPKhPj
                0x00004982       0x24 c:/nxp/mcuxpressoide_10.2.1_795/ide/tools/bin/../lib/gcc/arm-none-eabi/7.2.1/../../../../arm-none-eabi/lib/thumb/v6-m\libstdc++_nano.a(eh_personality.o)
 .text._ZL17parse_lsda_headerP15_Unwind_ContextPKhP16lsda_header_info
                0x000049a6       0x62 c:/nxp/mcuxpressoide_10.2.1_795/ide/tools/bin/../lib/gcc/arm-none-eabi/7.2.1/../../../../arm-none-eabi/lib/thumb/v6-m\libstdc++_nano.a(eh_personality.o)
 .text.__gxx_personality_v0
                0x00004a08      0x370 c:/nxp/mcuxpressoide_10.2.1_795/ide/tools/bin/../lib/gcc/arm-none-eabi/7.2.1/../../../../arm-none-eabi/lib/thumb/v6-m\libstdc++_nano.a(eh_personality.o)
                0x00004a08                __gxx_personality_v0
 .text._ZN10__cxxabiv1L24__is_gxx_exception_classEPc
                0x00004d78       0x3a c:/nxp/mcuxpressoide_10.2.1_795/ide/tools/bin/../lib/gcc/arm-none-eabi/7.2.1/../../../../arm-none-eabi/lib/thumb/v6-m\libstdc++_nano.a(eh_call.o)
 .text.__cxa_call_terminate
                0x00004db2       0x20 c:/nxp/mcuxpressoide_10.2.1_795/ide/tools/bin/../lib/gcc/arm-none-eabi/7.2.1/../../../../arm-none-eabi/lib/thumb/v6-m\libstdc++_nano.a(eh_call.o)
                0x00004db2                __cxa_call_terminate
 .text.__cxa_call_unexpected
                0x00004dd2       0x2e c:/nxp/mcuxpressoide_10.2.1_795/ide/tools/bin/../lib/gcc/arm-none-eabi/7.2.1/../../../../arm-none-eabi/lib/thumb/v6-m\libstdc++_nano.a(eh_call.o)
                0x00004dd2                __cxa_call_unexpected
 .text._ZN10__cxxabiv1L24__is_gxx_exception_classEPc
                0x00004e00       0x3a c:/nxp/mcuxpressoide_10.2.1_795/ide/tools/bin/../lib/gcc/arm-none-eabi/7.2.1/../../../../arm-none-eabi/lib/thumb/v6-m\libstdc++_nano.a(eh_catch.o)
 .text.__cxa_begin_catch
                0x00004e3a       0x4e c:/nxp/mcuxpressoide_10.2.1_795/ide/tools/bin/../lib/gcc/arm-none-eabi/7.2.1/../../../../arm-none-eabi/lib/thumb/v6-m\libstdc++_nano.a(eh_catch.o)
                0x00004e3a                __cxa_begin_catch
 .text.__cxa_get_globals
                0x00004e88        0x8 c:/nxp/mcuxpressoide_10.2.1_795/ide/tools/bin/../lib/gcc/arm-none-eabi/7.2.1/../../../../arm-none-eabi/lib/thumb/v6-m\libstdc++_nano.a(eh_globals.o)
                0x00004e88                __cxa_get_globals
 .text._ZN10__cxxabiv111__terminateEPFvvE
                0x00004e90        0x8 c:/nxp/mcuxpressoide_10.2.1_795/ide/tools/bin/../lib/gcc/arm-none-eabi/7.2.1/../../../../arm-none-eabi/lib/thumb/v6-m\libstdc++_nano.a(eh_terminate.o)
                0x00004e90                __cxxabiv1::__terminate(void (*)())
 .text._ZSt9terminatev
                0x00004e98       0x10 c:/nxp/mcuxpressoide_10.2.1_795/ide/tools/bin/../lib/gcc/arm-none-eabi/7.2.1/../../../../arm-none-eabi/lib/thumb/v6-m\libstdc++_nano.a(eh_terminate.o)
                0x00004e98                std::terminate()
 .text._ZN10__cxxabiv112__unexpectedEPFvvE
                0x00004ea8        0x8 c:/nxp/mcuxpressoide_10.2.1_795/ide/tools/bin/../lib/gcc/arm-none-eabi/7.2.1/../../../../arm-none-eabi/lib/thumb/v6-m\libstdc++_nano.a(eh_terminate.o)
                0x00004ea8                __cxxabiv1::__unexpected(void (*)())
 .text._ZSt10unexpectedv
                0x00004eb0       0x10 c:/nxp/mcuxpressoide_10.2.1_795/ide/tools/bin/../lib/gcc/arm-none-eabi/7.2.1/../../../../arm-none-eabi/lib/thumb/v6-m\libstdc++_nano.a(eh_terminate.o)
                0x00004eb0                std::unexpected()
 .text.__cxa_end_cleanup
                0x00004ec0        0xc c:/nxp/mcuxpressoide_10.2.1_795/ide/tools/bin/../lib/gcc/arm-none-eabi/7.2.1/../../../../arm-none-eabi/lib/thumb/v6-m\libstdc++_nano.a(eh_arm.o)
                0x00004ec0                __cxa_end_cleanup
 .text._ZN10__cxxabiv1L24__is_gxx_exception_classEPc
                0x00004ecc       0x3a c:/nxp/mcuxpressoide_10.2.1_795/ide/tools/bin/../lib/gcc/arm-none-eabi/7.2.1/../../../../arm-none-eabi/lib/thumb/v6-m\libstdc++_nano.a(eh_arm.o)
 *fill*         0x00004f06        0x2 ff
 .text.__cxa_type_match
                0x00004f08       0xb8 c:/nxp/mcuxpressoide_10.2.1_795/ide/tools/bin/../lib/gcc/arm-none-eabi/7.2.1/../../../../arm-none-eabi/lib/thumb/v6-m\libstdc++_nano.a(eh_arm.o)
                0x00004f08                __cxa_type_match
 .text.__cxa_begin_cleanup
                0x00004fc0       0x36 c:/nxp/mcuxpressoide_10.2.1_795/ide/tools/bin/../lib/gcc/arm-none-eabi/7.2.1/../../../../arm-none-eabi/lib/thumb/v6-m\libstdc++_nano.a(eh_arm.o)
                0x00004fc0                __cxa_begin_cleanup
 .text.__gnu_end_cleanup
                0x00004ff6       0x38 c:/nxp/mcuxpressoide_10.2.1_795/ide/tools/bin/../lib/gcc/arm-none-eabi/7.2.1/../../../../arm-none-eabi/lib/thumb/v6-m\libstdc++_nano.a(eh_arm.o)
                0x00004ff6                __gnu_end_cleanup
 .text._ZdlPvj  0x0000502e        0x8 c:/nxp/mcuxpressoide_10.2.1_795/ide/tools/bin/../lib/gcc/arm-none-eabi/7.2.1/../../../../arm-none-eabi/lib/thumb/v6-m\libstdc++_nano.a(del_ops.o)
                0x0000502e                operator delete(void*, unsigned int)
 *fill*         0x00005036        0x2 ff
 .text._ZN10__cxxabiv120__si_class_type_infoD2Ev
                0x00005038       0x18 c:/nxp/mcuxpressoide_10.2.1_795/ide/tools/bin/../lib/gcc/arm-none-eabi/7.2.1/../../../../arm-none-eabi/lib/thumb/v6-m\libstdc++_nano.a(si_class_type_info.o)
                0x00005038                __cxxabiv1::__si_class_type_info::~__si_class_type_info()
                0x00005038                __cxxabiv1::__si_class_type_info::~__si_class_type_info()
 .text._ZN10__cxxabiv120__si_class_type_infoD0Ev
                0x00005050       0x14 c:/nxp/mcuxpressoide_10.2.1_795/ide/tools/bin/../lib/gcc/arm-none-eabi/7.2.1/../../../../arm-none-eabi/lib/thumb/v6-m\libstdc++_nano.a(si_class_type_info.o)
                0x00005050                __cxxabiv1::__si_class_type_info::~__si_class_type_info()
 .text._ZNK10__cxxabiv120__si_class_type_info20__do_find_public_srcEiPKvPKNS_17__class_type_infoES2_
                0x00005064       0x32 c:/nxp/mcuxpressoide_10.2.1_795/ide/tools/bin/../lib/gcc/arm-none-eabi/7.2.1/../../../../arm-none-eabi/lib/thumb/v6-m\libstdc++_nano.a(si_class_type_info.o)
                0x00005064                __cxxabiv1::__si_class_type_info::__do_find_public_src(int, void const*, __cxxabiv1::__class_type_info const*, void const*) const
 .text._ZNK10__cxxabiv120__si_class_type_info12__do_dyncastEiNS_17__class_type_info10__sub_kindEPKS1_PKvS4_S6_RNS1_16__dyncast_resultE
                0x00005096       0x84 c:/nxp/mcuxpressoide_10.2.1_795/ide/tools/bin/../lib/gcc/arm-none-eabi/7.2.1/../../../../arm-none-eabi/lib/thumb/v6-m\libstdc++_nano.a(si_class_type_info.o)
                0x00005096                __cxxabiv1::__si_class_type_info::__do_dyncast(int, __cxxabiv1::__class_type_info::__sub_kind, __cxxabiv1::__class_type_info const*, void const*, __cxxabiv1::__class_type_info const*, void const*, __cxxabiv1::__class_type_info::__dyncast_result&) const
 .text._ZNK10__cxxabiv120__si_class_type_info11__do_upcastEPKNS_17__class_type_infoEPKvRNS1_15__upcast_resultE
                0x0000511a       0x22 c:/nxp/mcuxpressoide_10.2.1_795/ide/tools/bin/../lib/gcc/arm-none-eabi/7.2.1/../../../../arm-none-eabi/lib/thumb/v6-m\libstdc++_nano.a(si_class_type_info.o)
                0x0000511a                __cxxabiv1::__si_class_type_info::__do_upcast(__cxxabiv1::__class_type_info const*, void const*, __cxxabiv1::__class_type_info::__upcast_result&) const
 .text._ZNSt9type_infoD2Ev
                0x0000513c        0x2 c:/nxp/mcuxpressoide_10.2.1_795/ide/tools/bin/../lib/gcc/arm-none-eabi/7.2.1/../../../../arm-none-eabi/lib/thumb/v6-m\libstdc++_nano.a(tinfo.o)
                0x0000513c                std::type_info::~type_info()
                0x0000513c                std::type_info::~type_info()
 .text._ZNKSt9type_info14__is_pointer_pEv
                0x0000513e        0x4 c:/nxp/mcuxpressoide_10.2.1_795/ide/tools/bin/../lib/gcc/arm-none-eabi/7.2.1/../../../../arm-none-eabi/lib/thumb/v6-m\libstdc++_nano.a(tinfo.o)
                0x0000513e                std::type_info::__is_pointer_p() const
                0x0000513e                std::type_info::__is_function_p() const
 .text._ZNKSt9type_infoeqERKS_
                0x00005142       0x2c c:/nxp/mcuxpressoide_10.2.1_795/ide/tools/bin/../lib/gcc/arm-none-eabi/7.2.1/../../../../arm-none-eabi/lib/thumb/v6-m\libstdc++_nano.a(tinfo.o)
                0x00005142                std::type_info::operator==(std::type_info const&) const
 .text._ZNK10__cxxabiv117__class_type_info11__do_upcastEPKS0_PPv
                0x0000516e       0x34 c:/nxp/mcuxpressoide_10.2.1_795/ide/tools/bin/../lib/gcc/arm-none-eabi/7.2.1/../../../../arm-none-eabi/lib/thumb/v6-m\libstdc++_nano.a(class_type_info.o)
                0x0000516e                __cxxabiv1::__class_type_info::__do_upcast(__cxxabiv1::__class_type_info const*, void**) const
 .text._ZNK10__cxxabiv117__class_type_info20__do_find_public_srcEiPKvPKS0_S2_
                0x000051a2        0xc c:/nxp/mcuxpressoide_10.2.1_795/ide/tools/bin/../lib/gcc/arm-none-eabi/7.2.1/../../../../arm-none-eabi/lib/thumb/v6-m\libstdc++_nano.a(class_type_info.o)
                0x000051a2                __cxxabiv1::__class_type_info::__do_find_public_src(int, void const*, __cxxabiv1::__class_type_info const*, void const*) const
 *fill*         0x000051ae        0x2 ff
 .text._ZN10__cxxabiv117__class_type_infoD2Ev
                0x000051b0       0x18 c:/nxp/mcuxpressoide_10.2.1_795/ide/tools/bin/../lib/gcc/arm-none-eabi/7.2.1/../../../../arm-none-eabi/lib/thumb/v6-m\libstdc++_nano.a(class_type_info.o)
                0x000051b0                __cxxabiv1::__class_type_info::~__class_type_info()
                0x000051b0                __cxxabiv1::__class_type_info::~__class_type_info()
 .text._ZN10__cxxabiv117__class_type_infoD0Ev
                0x000051c8       0x14 c:/nxp/mcuxpressoide_10.2.1_795/ide/tools/bin/../lib/gcc/arm-none-eabi/7.2.1/../../../../arm-none-eabi/lib/thumb/v6-m\libstdc++_nano.a(class_type_info.o)
                0x000051c8                __cxxabiv1::__class_type_info::~__class_type_info()
 .text._ZNK10__cxxabiv117__class_type_info12__do_dyncastEiNS0_10__sub_kindEPKS0_PKvS3_S5_RNS0_16__dyncast_resultE
                0x000051dc       0x3a c:/nxp/mcuxpressoide_10.2.1_795/ide/tools/bin/../lib/gcc/arm-none-eabi/7.2.1/../../../../arm-none-eabi/lib/thumb/v6-m\libstdc++_nano.a(class_type_info.o)
                0x000051dc                __cxxabiv1::__class_type_info::__do_dyncast(int, __cxxabiv1::__class_type_info::__sub_kind, __cxxabiv1::__class_type_info const*, void const*, __cxxabiv1::__class_type_info const*, void const*, __cxxabiv1::__class_type_info::__dyncast_result&) const
 .text._ZNK10__cxxabiv117__class_type_info11__do_upcastEPKS0_PKvRNS0_15__upcast_resultE
                0x00005216       0x1a c:/nxp/mcuxpressoide_10.2.1_795/ide/tools/bin/../lib/gcc/arm-none-eabi/7.2.1/../../../../arm-none-eabi/lib/thumb/v6-m\libstdc++_nano.a(class_type_info.o)
                0x00005216                __cxxabiv1::__class_type_info::__do_upcast(__cxxabiv1::__class_type_info const*, void const*, __cxxabiv1::__class_type_info::__upcast_result&) const
 .text._ZNK10__cxxabiv117__class_type_info10__do_catchEPKSt9type_infoPPvj
                0x00005230       0x24 c:/nxp/mcuxpressoide_10.2.1_795/ide/tools/bin/../lib/gcc/arm-none-eabi/7.2.1/../../../../arm-none-eabi/lib/thumb/v6-m\libstdc++_nano.a(class_type_info.o)
                0x00005230                __cxxabiv1::__class_type_info::__do_catch(std::type_info const*, void**, unsigned int) const
 .text._ZdlPv   0x00005254        0x8 c:/nxp/mcuxpressoide_10.2.1_795/ide/tools/bin/../lib/gcc/arm-none-eabi/7.2.1/../../../../arm-none-eabi/lib/thumb/v6-m\libstdc++_nano.a(del_op.o)
                0x00005254                operator delete(void*)
 .text._exit    0x0000525c        0x2 c:/nxp/mcuxpressoide_10.2.1_795/ide/tools/bin/../lib/gcc/arm-none-eabi/7.2.1/../../../../arm-none-eabi/lib/thumb/v6-m\libcr_newlib_nohost.a(_exit.o)
                0x0000525c                _exit
 *fill*         0x0000525e        0x2 ff
 .text._getpid  0x00005260       0x10 c:/nxp/mcuxpressoide_10.2.1_795/ide/tools/bin/../lib/gcc/arm-none-eabi/7.2.1/../../../../arm-none-eabi/lib/thumb/v6-m\libcr_newlib_nohost.a(getpid.o)
                0x00005260                _getpid
 .text._kill    0x00005270       0x10 c:/nxp/mcuxpressoide_10.2.1_795/ide/tools/bin/../lib/gcc/arm-none-eabi/7.2.1/../../../../arm-none-eabi/lib/thumb/v6-m\libcr_newlib_nohost.a(kill.o)
                0x00005270                _kill
 .text          0x00005280       0x48 c:/nxp/mcuxpressoide_10.2.1_795/ide/tools/bin/../lib/gcc/arm-none-eabi/7.2.1/thumb/v6-m\crtbegin.o
 .text          0x000052c8       0x14 c:/nxp/mcuxpressoide_10.2.1_795/ide/tools/bin/../lib/gcc/arm-none-eabi/7.2.1/thumb/v6-m\libgcc.a(_thumb1_case_uqi.o)
                0x000052c8                __gnu_thumb1_case_uqi
 .text          0x000052dc       0x14 c:/nxp/mcuxpressoide_10.2.1_795/ide/tools/bin/../lib/gcc/arm-none-eabi/7.2.1/thumb/v6-m\libgcc.a(_thumb1_case_shi.o)
                0x000052dc                __gnu_thumb1_case_shi
 .text.free     0x000052f0       0x14 c:/nxp/mcuxpressoide_10.2.1_795/ide/tools/bin/../lib/gcc/arm-none-eabi/7.2.1/../../../../arm-none-eabi/lib/thumb/v6-m\libc_nano.a(lib_a-malloc.o)
                0x000052f0                free
 .text          0x00005304       0x14 c:/nxp/mcuxpressoide_10.2.1_795/ide/tools/bin/../lib/gcc/arm-none-eabi/7.2.1/../../../../arm-none-eabi/lib/thumb/v6-m\libc_nano.a(lib_a-strcmp.o)
                0x00005304                strcmp
 *(.rodata .rodata.* .constdata .constdata.*)
 .rodata        0x00005318        0x2 ./source/MMA8451Q/MMA8451Q.o
 *fill*         0x0000531a        0x2 ff
 .rodata        0x0000531c       0x29 ./source/ULOHA.o
 *fill*         0x00005345        0x3 ff
 .rodata        0x00005348       0x47 ./drivers/fsl_clock.o
 *fill*         0x0000538f        0x1 ff
 .rodata.__func__.5287
                0x00005390       0x17 ./drivers/fsl_clock.o
 *fill*         0x000053a7        0x1 ff
 .rodata.fllFactorTable.5393
                0x000053a8       0x10 ./drivers/fsl_clock.o
 .rodata.__func__.5408
                0x000053b8       0x12 ./drivers/fsl_clock.o
 *fill*         0x000053ca        0x2 ff
 .rodata.__func__.5448
                0x000053cc       0x11 ./drivers/fsl_clock.o
 *fill*         0x000053dd        0x3 ff
 .rodata.__func__.5585
                0x000053e0       0x11 ./drivers/fsl_clock.o
 *fill*         0x000053f1        0x3 ff
 .rodata.__func__.5652
                0x000053f4       0x14 ./drivers/fsl_clock.o
 .rodata        0x00005408       0x3e ./drivers/fsl_common.o
 *fill*         0x00005446        0x2 ff
 .rodata        0x00005448      0x168 ./drivers/fsl_dma.o
 .rodata.__func__.5552
                0x000055b0        0xe ./drivers/fsl_dma.o
 *fill*         0x000055be        0x2 ff
 .rodata.__func__.5420
                0x000055c0       0x1c ./drivers/fsl_dma.o
 .rodata.s_i2cDividerTable
                0x000055dc       0x80 ./drivers/fsl_i2c.o
 .rodata.s_i2cBases
                0x0000565c        0x8 ./drivers/fsl_i2c.o
 .rodata.s_i2cClocks
                0x00005664        0x8 ./drivers/fsl_i2c.o
 .rodata        0x0000566c       0xc6 ./drivers/fsl_i2c.o
 *fill*         0x00005732        0x2 ff
 .rodata.__func__.5516
                0x00005734       0x10 ./drivers/fsl_i2c.o
 .rodata.__func__.5572
                0x00005744        0xf ./drivers/fsl_i2c.o
 *fill*         0x00005753        0x1 ff
 .rodata.__func__.5580
                0x00005754       0x1b ./drivers/fsl_i2c.o
 *fill*         0x0000576f        0x1 ff
 .rodata.__func__.5678
                0x00005770       0x1b ./drivers/fsl_i2c.o
 *fill*         0x0000578b        0x1 ff
 .rodata        0x0000578c       0xb2 ./drivers/fsl_lpsci.o
 *fill*         0x0000583e        0x2 ff
 .rodata.__func__.5468
                0x00005840       0x12 ./drivers/fsl_lpsci.o
 *fill*         0x00005852        0x2 ff
 .rodata.__func__.5504
                0x00005854        0xb ./drivers/fsl_lpsci.o
 *fill*         0x0000585f        0x1 ff
 .rodata.__func__.5525
                0x00005860       0x17 ./drivers/fsl_lpsci.o
 *fill*         0x00005877        0x1 ff
 .rodata.__func__.5570
                0x00005878       0x14 ./drivers/fsl_lpsci.o
 .rodata.__func__.5582
                0x0000588c       0x13 ./drivers/fsl_lpsci.o
 *fill*         0x0000589f        0x1 ff
 .rodata        0x000058a0       0x9b ./drivers/fsl_spi.o
 *fill*         0x0000593b        0x1 ff
 .rodata.__func__.5659
                0x0000593c       0x16 ./drivers/fsl_spi.o
 *fill*         0x00005952        0x2 ff
 .rodata.__func__.5663
                0x00005954       0x16 ./drivers/fsl_spi.o
 *fill*         0x0000596a        0x2 ff
 .rodata.s_uartBases
                0x0000596c        0xc ./drivers/fsl_uart.o
 .rodata.s_uartClock
                0x00005978        0xc ./drivers/fsl_uart.o
 .rodata        0x00005984       0xaa ./drivers/fsl_uart.o
 *fill*         0x00005a2e        0x2 ff
 .rodata.__func__.5471
                0x00005a30       0x11 ./drivers/fsl_uart.o
 *fill*         0x00005a41        0x3 ff
 .rodata.__func__.5487
                0x00005a44        0xa ./drivers/fsl_uart.o
 *fill*         0x00005a4e        0x2 ff
 .rodata.__func__.5500
                0x00005a50       0x16 ./drivers/fsl_uart.o
 *fill*         0x00005a66        0x2 ff
 .rodata.__func__.5558
                0x00005a68       0x12 ./drivers/fsl_uart.o
 *fill*         0x00005a7a        0x2 ff
 .rodata.mcgConfig_BOARD_BootClockRUN
                0x00005a7c        0xa ./board/clock_config.o
                0x00005a7c                mcgConfig_BOARD_BootClockRUN
 *fill*         0x00005a86        0x2 ff
 .rodata.simConfig_BOARD_BootClockRUN
                0x00005a88        0x8 ./board/clock_config.o
                0x00005a88                simConfig_BOARD_BootClockRUN
 .rodata.oscConfig_BOARD_BootClockRUN
                0x00005a90        0x8 ./board/clock_config.o
                0x00005a90                oscConfig_BOARD_BootClockRUN
 .rodata        0x00005a98       0x80 c:/nxp/mcuxpressoide_10.2.1_795/ide/tools/bin/../lib/gcc/arm-none-eabi/7.2.1/thumb/v6-m\libgcc.a(divsf3.o)
 .rodata._ZTIN10__cxxabiv115__forced_unwindE
                0x00005b18        0x8 c:/nxp/mcuxpressoide_10.2.1_795/ide/tools/bin/../lib/gcc/arm-none-eabi/7.2.1/../../../../arm-none-eabi/lib/thumb/v6-m\libstdc++_nano.a(eh_exception.o)
                0x00005b18                typeinfo for __cxxabiv1::__forced_unwind
 .rodata._ZTIN10__cxxabiv119__foreign_exceptionE
                0x00005b20        0x8 c:/nxp/mcuxpressoide_10.2.1_795/ide/tools/bin/../lib/gcc/arm-none-eabi/7.2.1/../../../../arm-none-eabi/lib/thumb/v6-m\libstdc++_nano.a(eh_exception.o)
                0x00005b20                typeinfo for __cxxabiv1::__foreign_exception
 .rodata._ZTSN10__cxxabiv115__forced_unwindE
                0x00005b28       0x20 c:/nxp/mcuxpressoide_10.2.1_795/ide/tools/bin/../lib/gcc/arm-none-eabi/7.2.1/../../../../arm-none-eabi/lib/thumb/v6-m\libstdc++_nano.a(eh_exception.o)
                0x00005b28                typeinfo name for __cxxabiv1::__forced_unwind
 .rodata._ZTSN10__cxxabiv119__foreign_exceptionE
                0x00005b48       0x24 c:/nxp/mcuxpressoide_10.2.1_795/ide/tools/bin/../lib/gcc/arm-none-eabi/7.2.1/../../../../arm-none-eabi/lib/thumb/v6-m\libstdc++_nano.a(eh_exception.o)
                0x00005b48                typeinfo name for __cxxabiv1::__foreign_exception
 .rodata._ZTIN10__cxxabiv120__si_class_type_infoE
                0x00005b6c        0xc c:/nxp/mcuxpressoide_10.2.1_795/ide/tools/bin/../lib/gcc/arm-none-eabi/7.2.1/../../../../arm-none-eabi/lib/thumb/v6-m\libstdc++_nano.a(si_class_type_info.o)
                0x00005b6c                typeinfo for __cxxabiv1::__si_class_type_info
 .rodata._ZTSN10__cxxabiv120__si_class_type_infoE
                0x00005b78       0x25 c:/nxp/mcuxpressoide_10.2.1_795/ide/tools/bin/../lib/gcc/arm-none-eabi/7.2.1/../../../../arm-none-eabi/lib/thumb/v6-m\libstdc++_nano.a(si_class_type_info.o)
                0x00005b78                typeinfo name for __cxxabiv1::__si_class_type_info
 *fill*         0x00005b9d        0x3 ff
 .rodata._ZTVN10__cxxabiv120__si_class_type_infoE
                0x00005ba0       0x2c c:/nxp/mcuxpressoide_10.2.1_795/ide/tools/bin/../lib/gcc/arm-none-eabi/7.2.1/../../../../arm-none-eabi/lib/thumb/v6-m\libstdc++_nano.a(si_class_type_info.o)
                0x00005ba0                vtable for __cxxabiv1::__si_class_type_info
 .rodata._ZTISt9type_info
                0x00005bcc        0x8 c:/nxp/mcuxpressoide_10.2.1_795/ide/tools/bin/../lib/gcc/arm-none-eabi/7.2.1/../../../../arm-none-eabi/lib/thumb/v6-m\libstdc++_nano.a(tinfo.o)
                0x00005bcc                typeinfo for std::type_info
 .rodata._ZTSSt9type_info
                0x00005bd4        0xd c:/nxp/mcuxpressoide_10.2.1_795/ide/tools/bin/../lib/gcc/arm-none-eabi/7.2.1/../../../../arm-none-eabi/lib/thumb/v6-m\libstdc++_nano.a(tinfo.o)
                0x00005bd4                typeinfo name for std::type_info
 *fill*         0x00005be1        0x3 ff
 .rodata._ZTIN10__cxxabiv117__class_type_infoE
                0x00005be4        0xc c:/nxp/mcuxpressoide_10.2.1_795/ide/tools/bin/../lib/gcc/arm-none-eabi/7.2.1/../../../../arm-none-eabi/lib/thumb/v6-m\libstdc++_nano.a(class_type_info.o)
                0x00005be4                typeinfo for __cxxabiv1::__class_type_info
 .rodata._ZTSN10__cxxabiv117__class_type_infoE
                0x00005bf0       0x22 c:/nxp/mcuxpressoide_10.2.1_795/ide/tools/bin/../lib/gcc/arm-none-eabi/7.2.1/../../../../arm-none-eabi/lib/thumb/v6-m\libstdc++_nano.a(class_type_info.o)
                0x00005bf0                typeinfo name for __cxxabiv1::__class_type_info
 *fill*         0x00005c12        0x2 ff
 .rodata._ZTVN10__cxxabiv117__class_type_infoE
                0x00005c14       0x2c c:/nxp/mcuxpressoide_10.2.1_795/ide/tools/bin/../lib/gcc/arm-none-eabi/7.2.1/../../../../arm-none-eabi/lib/thumb/v6-m\libstdc++_nano.a(class_type_info.o)
                0x00005c14                vtable for __cxxabiv1::__class_type_info
                0x00005c40                . = ALIGN (0x4)
                0x00005c40                . = ALIGN (0x4)
 *(.init)
 .init          0x00005c40        0x4 c:/nxp/mcuxpressoide_10.2.1_795/ide/tools/bin/../lib/gcc/arm-none-eabi/7.2.1/thumb/v6-m\crti.o
                0x00005c40                _init
 .init          0x00005c44        0x8 c:/nxp/mcuxpressoide_10.2.1_795/ide/tools/bin/../lib/gcc/arm-none-eabi/7.2.1/thumb/v6-m\crtn.o
                0x00005c4c                . = ALIGN (0x4)
                0x00005c4c                __preinit_array_start = .
 *(.preinit_array)
                0x00005c4c                __preinit_array_end = .
                0x00005c4c                . = ALIGN (0x4)
                0x00005c4c                __init_array_start = .
 *(SORT_BY_NAME(.init_array.*))
 *(.init_array)
 .init_array    0x00005c4c        0x4 c:/nxp/mcuxpressoide_10.2.1_795/ide/tools/bin/../lib/gcc/arm-none-eabi/7.2.1/thumb/v6-m\crtbegin.o
                0x00005c50                __init_array_end = .
 *(.fini)
 .fini          0x00005c50        0x4 c:/nxp/mcuxpressoide_10.2.1_795/ide/tools/bin/../lib/gcc/arm-none-eabi/7.2.1/thumb/v6-m\crti.o
                0x00005c50                _fini
 .fini          0x00005c54        0x8 c:/nxp/mcuxpressoide_10.2.1_795/ide/tools/bin/../lib/gcc/arm-none-eabi/7.2.1/thumb/v6-m\crtn.o
                0x00005c5c                . = ALIGN (0x4)
 *crtbegin.o(.ctors)
 *(EXCLUDE_FILE(*crtend.o) .ctors)
 *(SORT_BY_NAME(.ctors.*))
 *crtend.o(.ctors)
                0x00005c5c                . = ALIGN (0x4)
 *crtbegin.o(.dtors)
 *(EXCLUDE_FILE(*crtend.o) .dtors)
 *(SORT_BY_NAME(.dtors.*))
 *crtend.o(.dtors)
                0x00005c5c                . = ALIGN (0x4)

.glue_7         0x00005c5c        0x0
 .glue_7        0x00005c5c        0x0 linker stubs

.glue_7t        0x00005c5c        0x0
 .glue_7t       0x00005c5c        0x0 linker stubs

.vfp11_veneer   0x00005c5c        0x0
 .vfp11_veneer  0x00005c5c        0x0 linker stubs

.v4_bx          0x00005c5c        0x0
 .v4_bx         0x00005c5c        0x0 linker stubs

.iplt           0x00005c5c        0x0
 .iplt          0x00005c5c        0x0 ./utilities/fsl_debug_console.o

.ARM.extab      0x00005c5c       0xbc
 *(.ARM.extab* .gnu.linkonce.armextab.*)
 .ARM.extab     0x00005c5c       0x6c ./source/MMA8451Q/MMA8451Q.o
 .ARM.extab     0x00005cc8       0x1e ./source/ULOHA.o
 *fill*         0x00005ce6        0x2 
 .ARM.extab     0x00005ce8       0x24 c:/nxp/mcuxpressoide_10.2.1_795/ide/tools/bin/../lib/gcc/arm-none-eabi/7.2.1/thumb/v6-m\libgcc.a(unwind-arm.o)
 .ARM.extab     0x00005d0c        0xc c:/nxp/mcuxpressoide_10.2.1_795/ide/tools/bin/../lib/gcc/arm-none-eabi/7.2.1/thumb/v6-m\libgcc.a(pr-support.o)
                0x00005d18                __exidx_start = .

.eh_frame       0x00005d18        0x0
 .eh_frame      0x00005d18        0x0 c:/nxp/mcuxpressoide_10.2.1_795/ide/tools/bin/../lib/gcc/arm-none-eabi/7.2.1/thumb/v6-m\crtbegin.o

.ARM.exidx      0x00005d18      0x150
 *(.ARM.exidx* .gnu.linkonce.armexidx.*)
 .ARM.exidx.after_vectors.init_data
                0x00005d18        0x8 ./startup/startup_mkl25z4.o
 .ARM.exidx.after_vectors.init_bss
                0x00005d20        0x0 ./startup/startup_mkl25z4.o
                                  0x8 (size before relaxing)
 .ARM.exidx.after_vectors.reset
                0x00005d20        0x8 ./startup/startup_mkl25z4.o
 .ARM.exidx.after_vectors
                0x00005d28       0x18 ./startup/startup_mkl25z4.o
                                0x130 (size before relaxing)
 .ARM.exidx     0x00005d40       0x50 ./source/MMA8451Q/MMA8451Q.o
 .ARM.exidx     0x00005d90       0x18 ./source/ULOHA.o
 .ARM.exidx     0x00005da8       0x90 c:/nxp/mcuxpressoide_10.2.1_795/ide/tools/bin/../lib/gcc/arm-none-eabi/7.2.1/thumb/v6-m\libgcc.a(unwind-arm.o)
                                 0xd8 (size before relaxing)
 .ARM.exidx     0x00005e38       0x30 c:/nxp/mcuxpressoide_10.2.1_795/ide/tools/bin/../lib/gcc/arm-none-eabi/7.2.1/thumb/v6-m\libgcc.a(pr-support.o)
                                 0x48 (size before relaxing)
                0x00005e68                __exidx_end = .
                0x00005e68                _etext = .

.rel.dyn        0x00005e68        0x0
 .rel.iplt      0x00005e68        0x0 ./utilities/fsl_debug_console.o

.m_usb_data
 *(m_usb_bdt)

.mtb_buffer_default
                0x1ffff000       0x80
 *(.mtb*)
 .mtb.$RAM1     0x1ffff000       0x80 ./source/mtb.o
                0x1ffff000                __mtb_buffer__

.uninit_RESERVED
                0x1ffff080        0x0
 *(.bss.$RESERVED*)
                0x1ffff080                . = ALIGN (0x4)
                0x1ffff080                _end_uninit_RESERVED = .

.data           0x1ffff080       0x74 load address 0x00005e68
 FILL mask 0xff
                0x1ffff080                _data = .
 *(vtable)
 *(.ramfunc*)
 *(.data*)
 .data.s_slowIrcFreq
                0x1ffff080        0x4 ./drivers/fsl_clock.o
 .data.SystemCoreClock
                0x1ffff084        0x4 ./CMSIS/system_MKL25Z4.o
                0x1ffff084                SystemCoreClock
 .data._impure_ptr
                0x1ffff088        0x4 c:/nxp/mcuxpressoide_10.2.1_795/ide/tools/bin/../lib/gcc/arm-none-eabi/7.2.1/../../../../arm-none-eabi/lib/thumb/v6-m\libc_nano.a(lib_a-impure.o)
                0x1ffff088                _impure_ptr
 .data.impure_data
                0x1ffff08c       0x60 c:/nxp/mcuxpressoide_10.2.1_795/ide/tools/bin/../lib/gcc/arm-none-eabi/7.2.1/../../../../arm-none-eabi/lib/thumb/v6-m\libc_nano.a(lib_a-impure.o)
 .data._ZN10__cxxabiv119__terminate_handlerE
                0x1ffff0ec        0x4 c:/nxp/mcuxpressoide_10.2.1_795/ide/tools/bin/../lib/gcc/arm-none-eabi/7.2.1/../../../../arm-none-eabi/lib/thumb/v6-m\libstdc++_nano.a(eh_term_handler.o)
                0x1ffff0ec                __cxxabiv1::__terminate_handler
 .data._ZN10__cxxabiv120__unexpected_handlerE
                0x1ffff0f0        0x4 c:/nxp/mcuxpressoide_10.2.1_795/ide/tools/bin/../lib/gcc/arm-none-eabi/7.2.1/../../../../arm-none-eabi/lib/thumb/v6-m\libstdc++_nano.a(eh_unex_handler.o)
                0x1ffff0f0                __cxxabiv1::__unexpected_handler
                0x1ffff0f4                . = ALIGN (0x4)
                0x1ffff0f4                _edata = .

.igot.plt       0x1ffff0f4        0x0 load address 0x00005edc
 .igot.plt      0x1ffff0f4        0x0 ./utilities/fsl_debug_console.o

.bss            0x1ffff0f4       0x8c load address 0x00005edc
                0x1ffff0f4                _bss = .
 *(.bss*)
 .bss.s_debugConsole
                0x1ffff0f4       0x10 ./utilities/fsl_debug_console.o
 .bss.g_xtal0Freq
                0x1ffff104        0x4 ./drivers/fsl_clock.o
                0x1ffff104                g_xtal0Freq
 .bss.s_DMAHandle
                0x1ffff108       0x10 ./drivers/fsl_dma.o
 .bss.s_i2cHandle
                0x1ffff118        0x8 ./drivers/fsl_i2c.o
 .bss.s_i2cMasterIsr
                0x1ffff120        0x4 ./drivers/fsl_i2c.o
 .bss.s_i2cSlaveIsr
                0x1ffff124        0x4 ./drivers/fsl_i2c.o
 .bss.s_lpsciHandle
                0x1ffff128        0x4 ./drivers/fsl_lpsci.o
 .bss.s_lpsciIsr
                0x1ffff12c        0x4 ./drivers/fsl_lpsci.o
 .bss.s_spiHandle
                0x1ffff130        0x8 ./drivers/fsl_spi.o
 .bss.s_spiMasterIsr
                0x1ffff138        0x4 ./drivers/fsl_spi.o
 .bss.s_spiSlaveIsr
                0x1ffff13c        0x4 ./drivers/fsl_spi.o
 .bss.s_uartHandle
                0x1ffff140        0xc ./drivers/fsl_uart.o
 .bss.s_uartIsr
                0x1ffff14c        0x4 ./drivers/fsl_uart.o
 .bss.__malloc_free_list
                0x1ffff150        0x4 c:/nxp/mcuxpressoide_10.2.1_795/ide/tools/bin/../lib/gcc/arm-none-eabi/7.2.1/../../../../arm-none-eabi/lib/thumb/v6-m\libc_nano.a(lib_a-nano-mallocr.o)
                0x1ffff150                __malloc_free_list
 .bss._ZL10eh_globals
                0x1ffff154        0xc c:/nxp/mcuxpressoide_10.2.1_795/ide/tools/bin/../lib/gcc/arm-none-eabi/7.2.1/../../../../arm-none-eabi/lib/thumb/v6-m\libstdc++_nano.a(eh_globals.o)
 .bss           0x1ffff160       0x1c c:/nxp/mcuxpressoide_10.2.1_795/ide/tools/bin/../lib/gcc/arm-none-eabi/7.2.1/thumb/v6-m\crtbegin.o
 *(COMMON)
 COMMON         0x1ffff17c        0x4 c:/nxp/mcuxpressoide_10.2.1_795/ide/tools/bin/../lib/gcc/arm-none-eabi/7.2.1/../../../../arm-none-eabi/lib/thumb/v6-m\libc_nano.a(lib_a-reent.o)
                0x1ffff17c                errno
                0x1ffff180                . = ALIGN (0x4)
                0x1ffff180                _ebss = .
                [!provide]                PROVIDE (end, .)

.noinit         0x1ffff180        0x0 load address 0x00005edc
                0x1ffff180                _noinit = .
 *(.noinit*)
                0x1ffff180                . = ALIGN (0x4)
                0x1ffff180                _end_noinit = .
                0x00000400                _HeapSize = 0x400

.heap           0x1ffff180      0x400 load address 0x00005edc
                0x1ffff180                _pvHeapStart = .
                0x1ffff580                . = (. + _HeapSize)
 *fill*         0x1ffff180      0x400 
                0x1ffff580                . = ALIGN (0x4)
                0x1ffff580                _pvHeapLimit = .
                0x00000400                _StackSize = 0x400

.heap2stackfill
                0x1ffff580      0x400 load address 0x00005edc
                0x1ffff980                . = (. + _StackSize)
 *fill*         0x1ffff580      0x400 

.stack          0x20002c00        0x0
                0x20002c00                _vStackBase = .
                0x20002c00                . = ALIGN (0x4)
                0x20003000                _vStackTop = (. + _StackSize)
                0x00000000                _image_start = LOADADDR (.text)
                0x00005edc                _image_end = (LOADADDR (.data) + SIZEOF (.data))
                0x00005edc                _image_size = (_image_end - _image_start)
OUTPUT(ULOHA.axf elf32-littlearm)

.debug_info     0x00000000    0x1411a
 .debug_info    0x00000000     0x161c ./utilities/fsl_debug_console.o
 .debug_info    0x0000161c      0x49e ./startup/startup_mkl25z4.o
 .debug_info    0x00001aba      0xf3c ./source/MMA8451Q/MMA8451Q.o
 .debug_info    0x000029f6      0xf12 ./source/ULOHA.o
 .debug_info    0x00003908       0x52 ./source/mtb.o
 .debug_info    0x0000395a       0x3b ./source/semihost_hardfault.o
 .debug_info    0x00003995     0x225e ./drivers/fsl_clock.o
 .debug_info    0x00005bf3      0xc3e ./drivers/fsl_common.o
 .debug_info    0x00006831     0x185f ./drivers/fsl_dma.o
 .debug_info    0x00008090     0x2355 ./drivers/fsl_i2c.o
 .debug_info    0x0000a3e5     0x1dd2 ./drivers/fsl_lpsci.o
 .debug_info    0x0000c1b7     0x1cd8 ./drivers/fsl_spi.o
 .debug_info    0x0000de8f     0x1d58 ./drivers/fsl_uart.o
 .debug_info    0x0000fbe7      0xea0 ./board/board.o
 .debug_info    0x00010a87     0x1283 ./board/clock_config.o
 .debug_info    0x00011d0a       0x3b ./board/peripherals.o
 .debug_info    0x00011d45      0xd74 ./board/pin_mux.o
 .debug_info    0x00012ab9      0x3ea ./CMSIS/system_MKL25Z4.o
 .debug_info    0x00012ea3       0x9a c:/nxp/mcuxpressoide_10.2.1_795/ide/tools/bin/../lib/gcc/arm-none-eabi/7.2.1/../../../../arm-none-eabi/lib/thumb/v6-m\libcr_newlib_nohost.a(_exit.o)
 .debug_info    0x00012f3d      0x8e0 c:/nxp/mcuxpressoide_10.2.1_795/ide/tools/bin/../lib/gcc/arm-none-eabi/7.2.1/../../../../arm-none-eabi/lib/thumb/v6-m\libcr_newlib_nohost.a(getpid.o)
 .debug_info    0x0001381d      0x8fd c:/nxp/mcuxpressoide_10.2.1_795/ide/tools/bin/../lib/gcc/arm-none-eabi/7.2.1/../../../../arm-none-eabi/lib/thumb/v6-m\libcr_newlib_nohost.a(kill.o)

.debug_abbrev   0x00000000     0x300d
 .debug_abbrev  0x00000000      0x335 ./utilities/fsl_debug_console.o
 .debug_abbrev  0x00000335      0x163 ./startup/startup_mkl25z4.o
 .debug_abbrev  0x00000498      0x341 ./source/MMA8451Q/MMA8451Q.o
 .debug_abbrev  0x000007d9      0x2d5 ./source/ULOHA.o
 .debug_abbrev  0x00000aae       0x44 ./source/mtb.o
 .debug_abbrev  0x00000af2       0x2f ./source/semihost_hardfault.o
 .debug_abbrev  0x00000b21      0x3df ./drivers/fsl_clock.o
 .debug_abbrev  0x00000f00      0x32e ./drivers/fsl_common.o
 .debug_abbrev  0x0000122e      0x340 ./drivers/fsl_dma.o
 .debug_abbrev  0x0000156e      0x3d2 ./drivers/fsl_i2c.o
 .debug_abbrev  0x00001940      0x375 ./drivers/fsl_lpsci.o
 .debug_abbrev  0x00001cb5      0x375 ./drivers/fsl_spi.o
 .debug_abbrev  0x0000202a      0x38d ./drivers/fsl_uart.o
 .debug_abbrev  0x000023b7      0x228 ./board/board.o
 .debug_abbrev  0x000025df      0x2a8 ./board/clock_config.o
 .debug_abbrev  0x00002887       0x2f ./board/peripherals.o
 .debug_abbrev  0x000028b6      0x269 ./board/pin_mux.o
 .debug_abbrev  0x00002b1f      0x116 ./CMSIS/system_MKL25Z4.o
 .debug_abbrev  0x00002c35       0x5e c:/nxp/mcuxpressoide_10.2.1_795/ide/tools/bin/../lib/gcc/arm-none-eabi/7.2.1/../../../../arm-none-eabi/lib/thumb/v6-m\libcr_newlib_nohost.a(_exit.o)
 .debug_abbrev  0x00002c93      0x1ae c:/nxp/mcuxpressoide_10.2.1_795/ide/tools/bin/../lib/gcc/arm-none-eabi/7.2.1/../../../../arm-none-eabi/lib/thumb/v6-m\libcr_newlib_nohost.a(getpid.o)
 .debug_abbrev  0x00002e41      0x1cc c:/nxp/mcuxpressoide_10.2.1_795/ide/tools/bin/../lib/gcc/arm-none-eabi/7.2.1/../../../../arm-none-eabi/lib/thumb/v6-m\libcr_newlib_nohost.a(kill.o)

.debug_aranges  0x00000000      0xb98
 .debug_aranges
                0x00000000       0x90 ./utilities/fsl_debug_console.o
 .debug_aranges
                0x00000090      0x160 ./startup/startup_mkl25z4.o
 .debug_aranges
                0x000001f0       0x20 ./source/MMA8451Q/MMA8451Q.o
 .debug_aranges
                0x00000210       0x20 ./source/ULOHA.o
 .debug_aranges
                0x00000230       0x18 ./source/mtb.o
 .debug_aranges
                0x00000248       0x20 ./source/semihost_hardfault.o
 .debug_aranges
                0x00000268      0x1d8 ./drivers/fsl_clock.o
 .debug_aranges
                0x00000440       0x38 ./drivers/fsl_common.o
 .debug_aranges
                0x00000478       0xd0 ./drivers/fsl_dma.o
 .debug_aranges
                0x00000548      0x178 ./drivers/fsl_i2c.o
 .debug_aranges
                0x000006c0      0x118 ./drivers/fsl_lpsci.o
 .debug_aranges
                0x000007d8      0x130 ./drivers/fsl_spi.o
 .debug_aranges
                0x00000908      0x130 ./drivers/fsl_uart.o
 .debug_aranges
                0x00000a38       0x28 ./board/board.o
 .debug_aranges
                0x00000a60       0x58 ./board/clock_config.o
 .debug_aranges
                0x00000ab8       0x20 ./board/peripherals.o
 .debug_aranges
                0x00000ad8       0x38 ./board/pin_mux.o
 .debug_aranges
                0x00000b10       0x28 ./CMSIS/system_MKL25Z4.o
 .debug_aranges
                0x00000b38       0x20 c:/nxp/mcuxpressoide_10.2.1_795/ide/tools/bin/../lib/gcc/arm-none-eabi/7.2.1/../../../../arm-none-eabi/lib/thumb/v6-m\libcr_newlib_nohost.a(_exit.o)
 .debug_aranges
                0x00000b58       0x20 c:/nxp/mcuxpressoide_10.2.1_795/ide/tools/bin/../lib/gcc/arm-none-eabi/7.2.1/../../../../arm-none-eabi/lib/thumb/v6-m\libcr_newlib_nohost.a(getpid.o)
 .debug_aranges
                0x00000b78       0x20 c:/nxp/mcuxpressoide_10.2.1_795/ide/tools/bin/../lib/gcc/arm-none-eabi/7.2.1/../../../../arm-none-eabi/lib/thumb/v6-m\libcr_newlib_nohost.a(kill.o)

.debug_ranges   0x00000000      0xa20
 .debug_ranges  0x00000000       0x80 ./utilities/fsl_debug_console.o
 .debug_ranges  0x00000080      0x150 ./startup/startup_mkl25z4.o
 .debug_ranges  0x000001d0       0x10 ./source/semihost_hardfault.o
 .debug_ranges  0x000001e0      0x1c8 ./drivers/fsl_clock.o
 .debug_ranges  0x000003a8       0x28 ./drivers/fsl_common.o
 .debug_ranges  0x000003d0       0xc0 ./drivers/fsl_dma.o
 .debug_ranges  0x00000490      0x168 ./drivers/fsl_i2c.o
 .debug_ranges  0x000005f8      0x108 ./drivers/fsl_lpsci.o
 .debug_ranges  0x00000700      0x120 ./drivers/fsl_spi.o
 .debug_ranges  0x00000820      0x120 ./drivers/fsl_uart.o
 .debug_ranges  0x00000940       0x18 ./board/board.o
 .debug_ranges  0x00000958       0x48 ./board/clock_config.o
 .debug_ranges  0x000009a0       0x10 ./board/peripherals.o
 .debug_ranges  0x000009b0       0x28 ./board/pin_mux.o
 .debug_ranges  0x000009d8       0x18 ./CMSIS/system_MKL25Z4.o
 .debug_ranges  0x000009f0       0x10 c:/nxp/mcuxpressoide_10.2.1_795/ide/tools/bin/../lib/gcc/arm-none-eabi/7.2.1/../../../../arm-none-eabi/lib/thumb/v6-m\libcr_newlib_nohost.a(_exit.o)
 .debug_ranges  0x00000a00       0x10 c:/nxp/mcuxpressoide_10.2.1_795/ide/tools/bin/../lib/gcc/arm-none-eabi/7.2.1/../../../../arm-none-eabi/lib/thumb/v6-m\libcr_newlib_nohost.a(getpid.o)
 .debug_ranges  0x00000a10       0x10 c:/nxp/mcuxpressoide_10.2.1_795/ide/tools/bin/../lib/gcc/arm-none-eabi/7.2.1/../../../../arm-none-eabi/lib/thumb/v6-m\libcr_newlib_nohost.a(kill.o)

.debug_macro    0x00000000     0xbd89
 .debug_macro   0x00000000      0x221 ./utilities/fsl_debug_console.o
 .debug_macro   0x00000221      0xa72 ./utilities/fsl_debug_console.o
 .debug_macro   0x00000c93       0x58 ./utilities/fsl_debug_console.o
 .debug_macro   0x00000ceb       0x17 ./utilities/fsl_debug_console.o
 .debug_macro   0x00000d02       0x22 ./utilities/fsl_debug_console.o
 .debug_macro   0x00000d24       0x52 ./utilities/fsl_debug_console.o
 .debug_macro   0x00000d76       0x8d ./utilities/fsl_debug_console.o
 .debug_macro   0x00000e03       0x35 ./utilities/fsl_debug_console.o
 .debug_macro   0x00000e38       0x9c ./utilities/fsl_debug_console.o
 .debug_macro   0x00000ed4       0x16 ./utilities/fsl_debug_console.o
 .debug_macro   0x00000eea      0x10e ./utilities/fsl_debug_console.o
 .debug_macro   0x00000ff8       0x8d ./utilities/fsl_debug_console.o
 .debug_macro   0x00001085       0x57 ./utilities/fsl_debug_console.o
 .debug_macro   0x000010dc       0x58 ./utilities/fsl_debug_console.o
 .debug_macro   0x00001134       0x1f ./utilities/fsl_debug_console.o
 .debug_macro   0x00001153       0x43 ./utilities/fsl_debug_console.o
 .debug_macro   0x00001196       0x20 ./utilities/fsl_debug_console.o
 .debug_macro   0x000011b6      0x18e ./utilities/fsl_debug_console.o
 .debug_macro   0x00001344      0x330 ./utilities/fsl_debug_console.o
 .debug_macro   0x00001674       0x16 ./utilities/fsl_debug_console.o
 .debug_macro   0x0000168a       0x29 ./utilities/fsl_debug_console.o
 .debug_macro   0x000016b3      0x1e1 ./utilities/fsl_debug_console.o
 .debug_macro   0x00001894       0x1c ./utilities/fsl_debug_console.o
 .debug_macro   0x000018b0       0x22 ./utilities/fsl_debug_console.o
 .debug_macro   0x000018d2       0xef ./utilities/fsl_debug_console.o
 .debug_macro   0x000019c1       0x6a ./utilities/fsl_debug_console.o
 .debug_macro   0x00001a2b      0x1df ./utilities/fsl_debug_console.o
 .debug_macro   0x00001c0a       0x16 ./utilities/fsl_debug_console.o
 .debug_macro   0x00001c20       0x35 ./utilities/fsl_debug_console.o
 .debug_macro   0x00001c55       0x10 ./utilities/fsl_debug_console.o
 .debug_macro   0x00001c65       0x3f ./utilities/fsl_debug_console.o
 .debug_macro   0x00001ca4       0x3a ./utilities/fsl_debug_console.o
 .debug_macro   0x00001cde       0x26 ./utilities/fsl_debug_console.o
 .debug_macro   0x00001d04      0x329 ./utilities/fsl_debug_console.o
 .debug_macro   0x0000202d       0x30 ./utilities/fsl_debug_console.o
 .debug_macro   0x0000205d     0x51e2 ./utilities/fsl_debug_console.o
 .debug_macro   0x0000723f     0x1352 ./utilities/fsl_debug_console.o
 .debug_macro   0x00008591       0x3a ./utilities/fsl_debug_console.o
 .debug_macro   0x000085cb       0xf4 ./utilities/fsl_debug_console.o
 .debug_macro   0x000086bf       0x35 ./utilities/fsl_debug_console.o
 .debug_macro   0x000086f4       0x34 ./utilities/fsl_debug_console.o
 .debug_macro   0x00008728       0x10 ./utilities/fsl_debug_console.o
 .debug_macro   0x00008738       0x10 ./utilities/fsl_debug_console.o
 .debug_macro   0x00008748       0x2a ./startup/startup_mkl25z4.o
 .debug_macro   0x00008772      0xb5c ./startup/startup_mkl25z4.o
 .debug_macro   0x000092ce      0x2b7 ./source/MMA8451Q/MMA8451Q.o
 .debug_macro   0x00009585       0x9c ./source/MMA8451Q/MMA8451Q.o
 .debug_macro   0x00009621       0x16 ./source/MMA8451Q/MMA8451Q.o
 .debug_macro   0x00009637       0x97 ./source/MMA8451Q/MMA8451Q.o
 .debug_macro   0x000096ce      0x353 ./source/MMA8451Q/MMA8451Q.o
 .debug_macro   0x00009a21      0x104 ./source/MMA8451Q/MMA8451Q.o
 .debug_macro   0x00009b25       0x10 ./source/MMA8451Q/MMA8451Q.o
 .debug_macro   0x00009b35       0x43 ./source/MMA8451Q/MMA8451Q.o
 .debug_macro   0x00009b78       0x10 ./source/MMA8451Q/MMA8451Q.o
 .debug_macro   0x00009b88       0x1c ./source/MMA8451Q/MMA8451Q.o
 .debug_macro   0x00009ba4       0x52 ./source/MMA8451Q/MMA8451Q.o
 .debug_macro   0x00009bf6       0x40 ./source/MMA8451Q/MMA8451Q.o
 .debug_macro   0x00009c36       0x10 ./source/MMA8451Q/MMA8451Q.o
 .debug_macro   0x00009c46       0x40 ./source/MMA8451Q/MMA8451Q.o
 .debug_macro   0x00009c86       0xd7 ./source/MMA8451Q/MMA8451Q.o
 .debug_macro   0x00009d5d       0x1c ./source/MMA8451Q/MMA8451Q.o
 .debug_macro   0x00009d79       0x3d ./source/MMA8451Q/MMA8451Q.o
 .debug_macro   0x00009db6       0x16 ./source/MMA8451Q/MMA8451Q.o
 .debug_macro   0x00009dcc      0x137 ./source/MMA8451Q/MMA8451Q.o
 .debug_macro   0x00009f03       0x16 ./source/MMA8451Q/MMA8451Q.o
 .debug_macro   0x00009f19       0x16 ./source/MMA8451Q/MMA8451Q.o
 .debug_macro   0x00009f2f       0x1c ./source/MMA8451Q/MMA8451Q.o
 .debug_macro   0x00009f4b       0x35 ./source/MMA8451Q/MMA8451Q.o
 .debug_macro   0x00009f80      0x329 ./source/MMA8451Q/MMA8451Q.o
 .debug_macro   0x0000a2a9       0x10 ./source/MMA8451Q/MMA8451Q.o
 .debug_macro   0x0000a2b9      0x2e2 ./source/ULOHA.o
 .debug_macro   0x0000a59b       0x16 ./source/ULOHA.o
 .debug_macro   0x0000a5b1       0x10 ./source/ULOHA.o
 .debug_macro   0x0000a5c1      0x112 ./source/ULOHA.o
 .debug_macro   0x0000a6d3       0xf4 ./source/ULOHA.o
 .debug_macro   0x0000a7c7       0x3a ./source/ULOHA.o
 .debug_macro   0x0000a801       0x2f ./source/mtb.o
 .debug_macro   0x0000a830       0x82 ./source/mtb.o
 .debug_macro   0x0000a8b2       0x10 ./source/mtb.o
 .debug_macro   0x0000a8c2       0x11 ./source/semihost_hardfault.o
 .debug_macro   0x0000a8d3      0x26a ./drivers/fsl_clock.o
 .debug_macro   0x0000ab3d      0x1c3 ./drivers/fsl_common.o
 .debug_macro   0x0000ad00      0x1c0 ./drivers/fsl_dma.o
 .debug_macro   0x0000aec0      0x1bf ./drivers/fsl_i2c.o
 .debug_macro   0x0000b07f      0x1c0 ./drivers/fsl_lpsci.o
 .debug_macro   0x0000b23f      0x1bf ./drivers/fsl_spi.o
 .debug_macro   0x0000b3fe       0x10 ./drivers/fsl_spi.o
 .debug_macro   0x0000b40e      0x1c6 ./drivers/fsl_uart.o
 .debug_macro   0x0000b5d4      0x1e6 ./board/board.o
 .debug_macro   0x0000b7ba       0x87 ./board/board.o
 .debug_macro   0x0000b841       0x51 ./board/board.o
 .debug_macro   0x0000b892       0x58 ./board/board.o
 .debug_macro   0x0000b8ea      0x1f7 ./board/clock_config.o
 .debug_macro   0x0000bae1       0x1b ./board/peripherals.o
 .debug_macro   0x0000bafc      0x1c2 ./board/pin_mux.o
 .debug_macro   0x0000bcbe       0x10 ./board/pin_mux.o
 .debug_macro   0x0000bcce       0xbb ./CMSIS/system_MKL25Z4.o

.debug_line     0x00000000     0x5d76
 .debug_line    0x00000000      0x819 ./utilities/fsl_debug_console.o
 .debug_line    0x00000819      0x13a ./startup/startup_mkl25z4.o
 .debug_line    0x00000953      0x45e ./source/MMA8451Q/MMA8451Q.o
 .debug_line    0x00000db1      0x4d4 ./source/ULOHA.o
 .debug_line    0x00001285       0x9a ./source/mtb.o
 .debug_line    0x0000131f       0x54 ./source/semihost_hardfault.o
 .debug_line    0x00001373      0xad1 ./drivers/fsl_clock.o
 .debug_line    0x00001e44      0x3e5 ./drivers/fsl_common.o
 .debug_line    0x00002229      0x633 ./drivers/fsl_dma.o
 .debug_line    0x0000285c      0xb23 ./drivers/fsl_i2c.o
 .debug_line    0x0000337f      0x880 ./drivers/fsl_lpsci.o
 .debug_line    0x00003bff      0x7dc ./drivers/fsl_spi.o
 .debug_line    0x000043db      0x883 ./drivers/fsl_uart.o
 .debug_line    0x00004c5e      0x3b0 ./board/board.o
 .debug_line    0x0000500e      0x411 ./board/clock_config.o
 .debug_line    0x0000541f       0x58 ./board/peripherals.o
 .debug_line    0x00005477      0x3e2 ./board/pin_mux.o
 .debug_line    0x00005859      0x2b3 ./CMSIS/system_MKL25Z4.o
 .debug_line    0x00005b0c       0x3e c:/nxp/mcuxpressoide_10.2.1_795/ide/tools/bin/../lib/gcc/arm-none-eabi/7.2.1/../../../../arm-none-eabi/lib/thumb/v6-m\libcr_newlib_nohost.a(_exit.o)
 .debug_line    0x00005b4a      0x117 c:/nxp/mcuxpressoide_10.2.1_795/ide/tools/bin/../lib/gcc/arm-none-eabi/7.2.1/../../../../arm-none-eabi/lib/thumb/v6-m\libcr_newlib_nohost.a(getpid.o)
 .debug_line    0x00005c61      0x115 c:/nxp/mcuxpressoide_10.2.1_795/ide/tools/bin/../lib/gcc/arm-none-eabi/7.2.1/../../../../arm-none-eabi/lib/thumb/v6-m\libcr_newlib_nohost.a(kill.o)

.debug_str      0x00000000    0x3c217
 .debug_str     0x00000000    0x33e4e ./utilities/fsl_debug_console.o
                              0x34393 (size before relaxing)
 .debug_str     0x00033e4e      0x961 ./startup/startup_mkl25z4.o
                               0x34d0 (size before relaxing)
 .debug_str     0x000347af     0x1749 ./source/MMA8451Q/MMA8451Q.o
                              0x34664 (size before relaxing)
 .debug_str     0x00035ef8     0x1356 ./source/ULOHA.o
                              0x3589a (size before relaxing)
 .debug_str     0x0003724e      0x532 ./source/mtb.o
                               0x31f8 (size before relaxing)
 .debug_str     0x00037780       0x1f ./source/semihost_hardfault.o
                               0x2ce5 (size before relaxing)
 .debug_str     0x0003779f     0x15ae ./drivers/fsl_clock.o
                              0x349f4 (size before relaxing)
 .debug_str     0x00038d4d      0x2d6 ./drivers/fsl_common.o
                              0x32fd4 (size before relaxing)
 .debug_str     0x00039023      0x7e5 ./drivers/fsl_dma.o
                              0x33cb7 (size before relaxing)
 .debug_str     0x00039808      0xa31 ./drivers/fsl_i2c.o
                              0x341ce (size before relaxing)
 .debug_str     0x0003a239      0x921 ./drivers/fsl_lpsci.o
                              0x33ffc (size before relaxing)
 .debug_str     0x0003ab5a      0x7b8 ./drivers/fsl_spi.o
                              0x33dbe (size before relaxing)
 .debug_str     0x0003b312      0x832 ./drivers/fsl_uart.o
                              0x3401f (size before relaxing)
 .debug_str     0x0003bb44       0x4c ./board/board.o
                              0x33b32 (size before relaxing)
 .debug_str     0x0003bb90      0x300 ./board/clock_config.o
                              0x33904 (size before relaxing)
 .debug_str     0x0003be90       0x31 ./board/peripherals.o
                               0x2cf6 (size before relaxing)
 .debug_str     0x0003bec1      0x1a6 ./board/pin_mux.o
                              0x33575 (size before relaxing)
 .debug_str     0x0003c067       0x4f ./CMSIS/system_MKL25Z4.o
                              0x2f370 (size before relaxing)
 .debug_str     0x0003c0b6      0x11e c:/nxp/mcuxpressoide_10.2.1_795/ide/tools/bin/../lib/gcc/arm-none-eabi/7.2.1/../../../../arm-none-eabi/lib/thumb/v6-m\libcr_newlib_nohost.a(_exit.o)
                                0x1ae (size before relaxing)
 .debug_str     0x0003c1d4       0x2f c:/nxp/mcuxpressoide_10.2.1_795/ide/tools/bin/../lib/gcc/arm-none-eabi/7.2.1/../../../../arm-none-eabi/lib/thumb/v6-m\libcr_newlib_nohost.a(getpid.o)
                                0x5af (size before relaxing)
 .debug_str     0x0003c203       0x14 c:/nxp/mcuxpressoide_10.2.1_795/ide/tools/bin/../lib/gcc/arm-none-eabi/7.2.1/../../../../arm-none-eabi/lib/thumb/v6-m\libcr_newlib_nohost.a(kill.o)
                                0x5ab (size before relaxing)

.comment        0x00000000       0x7e
 .comment       0x00000000       0x7e ./utilities/fsl_debug_console.o
                                 0x7f (size before relaxing)
 .comment       0x0000007e       0x7f ./startup/startup_mkl25z4.o
 .comment       0x0000007e       0x7f ./source/MMA8451Q/MMA8451Q.o
 .comment       0x0000007e       0x7f ./source/ULOHA.o
 .comment       0x0000007e       0x7f ./source/mtb.o
 .comment       0x0000007e       0x7f ./source/semihost_hardfault.o
 .comment       0x0000007e       0x7f ./drivers/fsl_clock.o
 .comment       0x0000007e       0x7f ./drivers/fsl_common.o
 .comment       0x0000007e       0x7f ./drivers/fsl_dma.o
 .comment       0x0000007e       0x7f ./drivers/fsl_i2c.o
 .comment       0x0000007e       0x7f ./drivers/fsl_lpsci.o
 .comment       0x0000007e       0x7f ./drivers/fsl_spi.o
 .comment       0x0000007e       0x7f ./drivers/fsl_uart.o
 .comment       0x0000007e       0x7f ./board/board.o
 .comment       0x0000007e       0x7f ./board/clock_config.o
 .comment       0x0000007e       0x7f ./board/peripherals.o
 .comment       0x0000007e       0x7f ./board/pin_mux.o
 .comment       0x0000007e       0x7f ./CMSIS/system_MKL25Z4.o
 .comment       0x0000007e       0x7f c:/nxp/mcuxpressoide_10.2.1_795/ide/tools/bin/../lib/gcc/arm-none-eabi/7.2.1/../../../../arm-none-eabi/lib/thumb/v6-m\libcr_newlib_nohost.a(_exit.o)
 .comment       0x0000007e       0x7f c:/nxp/mcuxpressoide_10.2.1_795/ide/tools/bin/../lib/gcc/arm-none-eabi/7.2.1/../../../../arm-none-eabi/lib/thumb/v6-m\libcr_newlib_nohost.a(getpid.o)
 .comment       0x0000007e       0x7f c:/nxp/mcuxpressoide_10.2.1_795/ide/tools/bin/../lib/gcc/arm-none-eabi/7.2.1/../../../../arm-none-eabi/lib/thumb/v6-m\libcr_newlib_nohost.a(kill.o)

.ARM.attributes
                0x00000000       0x30
 .ARM.attributes
                0x00000000       0x32 ./utilities/fsl_debug_console.o
 .ARM.attributes
                0x00000032       0x32 ./startup/startup_mkl25z4.o
 .ARM.attributes
                0x00000064       0x32 ./source/MMA8451Q/MMA8451Q.o
 .ARM.attributes
                0x00000096       0x32 ./source/ULOHA.o
 .ARM.attributes
                0x000000c8       0x32 ./source/mtb.o
 .ARM.attributes
                0x000000fa       0x32 ./source/semihost_hardfault.o
 .ARM.attributes
                0x0000012c       0x32 ./drivers/fsl_clock.o
 .ARM.attributes
                0x0000015e       0x32 ./drivers/fsl_common.o
 .ARM.attributes
                0x00000190       0x32 ./drivers/fsl_dma.o
 .ARM.attributes
                0x000001c2       0x32 ./drivers/fsl_i2c.o
 .ARM.attributes
                0x000001f4       0x32 ./drivers/fsl_lpsci.o
 .ARM.attributes
                0x00000226       0x32 ./drivers/fsl_spi.o
 .ARM.attributes
                0x00000258       0x32 ./drivers/fsl_uart.o
 .ARM.attributes
                0x0000028a       0x32 ./board/board.o
 .ARM.attributes
                0x000002bc       0x32 ./board/clock_config.o
 .ARM.attributes
                0x000002ee       0x32 ./board/peripherals.o
 .ARM.attributes
                0x00000320       0x32 ./board/pin_mux.o
 .ARM.attributes
                0x00000352       0x32 ./CMSIS/system_MKL25Z4.o
 .ARM.attributes
                0x00000384       0x1e c:/nxp/mcuxpressoide_10.2.1_795/ide/tools/bin/../lib/gcc/arm-none-eabi/7.2.1/thumb/v6-m\libgcc.a(_udivsi3.o)
 .ARM.attributes
                0x000003a2       0x1e c:/nxp/mcuxpressoide_10.2.1_795/ide/tools/bin/../lib/gcc/arm-none-eabi/7.2.1/thumb/v6-m\libgcc.a(_divsi3.o)
 .ARM.attributes
                0x000003c0       0x1e c:/nxp/mcuxpressoide_10.2.1_795/ide/tools/bin/../lib/gcc/arm-none-eabi/7.2.1/thumb/v6-m\libgcc.a(_dvmd_tls.o)
 .ARM.attributes
                0x000003de       0x2c c:/nxp/mcuxpressoide_10.2.1_795/ide/tools/bin/../lib/gcc/arm-none-eabi/7.2.1/thumb/v6-m\libgcc.a(divsf3.o)
 .ARM.attributes
                0x0000040a       0x2c c:/nxp/mcuxpressoide_10.2.1_795/ide/tools/bin/../lib/gcc/arm-none-eabi/7.2.1/thumb/v6-m\libgcc.a(floatsisf.o)
 .ARM.attributes
                0x00000436       0x2c c:/nxp/mcuxpressoide_10.2.1_795/ide/tools/bin/../lib/gcc/arm-none-eabi/7.2.1/thumb/v6-m\libgcc.a(extendsfdf2.o)
 .ARM.attributes
                0x00000462       0x2c c:/nxp/mcuxpressoide_10.2.1_795/ide/tools/bin/../lib/gcc/arm-none-eabi/7.2.1/thumb/v6-m\libgcc.a(unwind-arm.o)
 .ARM.attributes
                0x0000048e       0x1e c:/nxp/mcuxpressoide_10.2.1_795/ide/tools/bin/../lib/gcc/arm-none-eabi/7.2.1/thumb/v6-m\libgcc.a(libunwind.o)
 .ARM.attributes
                0x000004ac       0x2c c:/nxp/mcuxpressoide_10.2.1_795/ide/tools/bin/../lib/gcc/arm-none-eabi/7.2.1/thumb/v6-m\libgcc.a(pr-support.o)
 .ARM.attributes
                0x000004d8       0x1e c:/nxp/mcuxpressoide_10.2.1_795/ide/tools/bin/../lib/gcc/arm-none-eabi/7.2.1/thumb/v6-m\libgcc.a(_clzsi2.o)
 .ARM.attributes
                0x000004f6       0x2c c:/nxp/mcuxpressoide_10.2.1_795/ide/tools/bin/../lib/gcc/arm-none-eabi/7.2.1/../../../../arm-none-eabi/lib/thumb/v6-m\libc_nano.a(lib_a-abort.o)
 .ARM.attributes
                0x00000522       0x2c c:/nxp/mcuxpressoide_10.2.1_795/ide/tools/bin/../lib/gcc/arm-none-eabi/7.2.1/../../../../arm-none-eabi/lib/thumb/v6-m\libc_nano.a(lib_a-init.o)
 .ARM.attributes
                0x0000054e       0x2c c:/nxp/mcuxpressoide_10.2.1_795/ide/tools/bin/../lib/gcc/arm-none-eabi/7.2.1/../../../../arm-none-eabi/lib/thumb/v6-m\libc_nano.a(lib_a-memcpy-stub.o)
 .ARM.attributes
                0x0000057a       0x2c c:/nxp/mcuxpressoide_10.2.1_795/ide/tools/bin/../lib/gcc/arm-none-eabi/7.2.1/../../../../arm-none-eabi/lib/thumb/v6-m\libc_nano.a(lib_a-memset.o)
 .ARM.attributes
                0x000005a6       0x2c c:/nxp/mcuxpressoide_10.2.1_795/ide/tools/bin/../lib/gcc/arm-none-eabi/7.2.1/../../../../arm-none-eabi/lib/thumb/v6-m\libc_nano.a(lib_a-signal.o)
 .ARM.attributes
                0x000005d2       0x2c c:/nxp/mcuxpressoide_10.2.1_795/ide/tools/bin/../lib/gcc/arm-none-eabi/7.2.1/../../../../arm-none-eabi/lib/thumb/v6-m\libc_nano.a(lib_a-signalr.o)
 .ARM.attributes
                0x000005fe       0x1c c:/nxp/mcuxpressoide_10.2.1_795/ide/tools/bin/../lib/gcc/arm-none-eabi/7.2.1/../../../../arm-none-eabi/lib/thumb/v6-m\libc_nano.a(lib_a-strlen.o)
 .ARM.attributes
                0x0000061a       0x2c c:/nxp/mcuxpressoide_10.2.1_795/ide/tools/bin/../lib/gcc/arm-none-eabi/7.2.1/../../../../arm-none-eabi/lib/thumb/v6-m\libc_nano.a(lib_a-impure.o)
 .ARM.attributes
                0x00000646       0x2c c:/nxp/mcuxpressoide_10.2.1_795/ide/tools/bin/../lib/gcc/arm-none-eabi/7.2.1/../../../../arm-none-eabi/lib/thumb/v6-m\libc_nano.a(lib_a-nano-mallocr.o)
 .ARM.attributes
                0x00000672       0x2c c:/nxp/mcuxpressoide_10.2.1_795/ide/tools/bin/../lib/gcc/arm-none-eabi/7.2.1/../../../../arm-none-eabi/lib/thumb/v6-m\libc_nano.a(lib_a-reent.o)
 .ARM.attributes
                0x0000069e       0x2c c:/nxp/mcuxpressoide_10.2.1_795/ide/tools/bin/../lib/gcc/arm-none-eabi/7.2.1/../../../../arm-none-eabi/lib/thumb/v6-m\libc_nano.a(lib_a-mlock.o)
 .ARM.attributes
                0x000006ca       0x2c c:/nxp/mcuxpressoide_10.2.1_795/ide/tools/bin/../lib/gcc/arm-none-eabi/7.2.1/../../../../arm-none-eabi/lib/thumb/v6-m\libc_nano.a(lib_a-nano-freer.o)
 .ARM.attributes
                0x000006f6       0x2c c:/nxp/mcuxpressoide_10.2.1_795/ide/tools/bin/../lib/gcc/arm-none-eabi/7.2.1/../../../../arm-none-eabi/lib/thumb/v6-m\libstdc++_nano.a(eh_call.o)
 .ARM.attributes
                0x00000722       0x2c c:/nxp/mcuxpressoide_10.2.1_795/ide/tools/bin/../lib/gcc/arm-none-eabi/7.2.1/../../../../arm-none-eabi/lib/thumb/v6-m\libstdc++_nano.a(eh_catch.o)
 .ARM.attributes
                0x0000074e       0x2c c:/nxp/mcuxpressoide_10.2.1_795/ide/tools/bin/../lib/gcc/arm-none-eabi/7.2.1/../../../../arm-none-eabi/lib/thumb/v6-m\libstdc++_nano.a(eh_globals.o)
 .ARM.attributes
                0x0000077a       0x2c c:/nxp/mcuxpressoide_10.2.1_795/ide/tools/bin/../lib/gcc/arm-none-eabi/7.2.1/../../../../arm-none-eabi/lib/thumb/v6-m\libstdc++_nano.a(eh_terminate.o)
 .ARM.attributes
                0x000007a6       0x2c c:/nxp/mcuxpressoide_10.2.1_795/ide/tools/bin/../lib/gcc/arm-none-eabi/7.2.1/../../../../arm-none-eabi/lib/thumb/v6-m\libstdc++_nano.a(eh_arm.o)
 .ARM.attributes
                0x000007d2       0x2c c:/nxp/mcuxpressoide_10.2.1_795/ide/tools/bin/../lib/gcc/arm-none-eabi/7.2.1/../../../../arm-none-eabi/lib/thumb/v6-m\libstdc++_nano.a(eh_exception.o)
 .ARM.attributes
                0x000007fe       0x2c c:/nxp/mcuxpressoide_10.2.1_795/ide/tools/bin/../lib/gcc/arm-none-eabi/7.2.1/../../../../arm-none-eabi/lib/thumb/v6-m\libstdc++_nano.a(eh_term_handler.o)
 .ARM.attributes
                0x0000082a       0x2c c:/nxp/mcuxpressoide_10.2.1_795/ide/tools/bin/../lib/gcc/arm-none-eabi/7.2.1/../../../../arm-none-eabi/lib/thumb/v6-m\libstdc++_nano.a(eh_unex_handler.o)
 .ARM.attributes
                0x00000856       0x2c c:/nxp/mcuxpressoide_10.2.1_795/ide/tools/bin/../lib/gcc/arm-none-eabi/7.2.1/../../../../arm-none-eabi/lib/thumb/v6-m\libstdc++_nano.a(del_ops.o)
 .ARM.attributes
                0x00000882       0x2c c:/nxp/mcuxpressoide_10.2.1_795/ide/tools/bin/../lib/gcc/arm-none-eabi/7.2.1/../../../../arm-none-eabi/lib/thumb/v6-m\libstdc++_nano.a(si_class_type_info.o)
 .ARM.attributes
                0x000008ae       0x2c c:/nxp/mcuxpressoide_10.2.1_795/ide/tools/bin/../lib/gcc/arm-none-eabi/7.2.1/../../../../arm-none-eabi/lib/thumb/v6-m\libstdc++_nano.a(tinfo.o)
 .ARM.attributes
                0x000008da       0x2c c:/nxp/mcuxpressoide_10.2.1_795/ide/tools/bin/../lib/gcc/arm-none-eabi/7.2.1/../../../../arm-none-eabi/lib/thumb/v6-m\libstdc++_nano.a(class_type_info.o)
 .ARM.attributes
                0x00000906       0x2c c:/nxp/mcuxpressoide_10.2.1_795/ide/tools/bin/../lib/gcc/arm-none-eabi/7.2.1/../../../../arm-none-eabi/lib/thumb/v6-m\libstdc++_nano.a(del_op.o)
 .ARM.attributes
                0x00000932       0x31 c:/nxp/mcuxpressoide_10.2.1_795/ide/tools/bin/../lib/gcc/arm-none-eabi/7.2.1/../../../../arm-none-eabi/lib/thumb/v6-m\libcr_newlib_nohost.a(_exit.o)
 .ARM.attributes
                0x00000963       0x31 c:/nxp/mcuxpressoide_10.2.1_795/ide/tools/bin/../lib/gcc/arm-none-eabi/7.2.1/../../../../arm-none-eabi/lib/thumb/v6-m\libcr_newlib_nohost.a(getpid.o)
 .ARM.attributes
                0x00000994       0x31 c:/nxp/mcuxpressoide_10.2.1_795/ide/tools/bin/../lib/gcc/arm-none-eabi/7.2.1/../../../../arm-none-eabi/lib/thumb/v6-m\libcr_newlib_nohost.a(kill.o)
 .ARM.attributes
                0x000009c5       0x1e c:/nxp/mcuxpressoide_10.2.1_795/ide/tools/bin/../lib/gcc/arm-none-eabi/7.2.1/thumb/v6-m\crti.o
 .ARM.attributes
                0x000009e3       0x1e c:/nxp/mcuxpressoide_10.2.1_795/ide/tools/bin/../lib/gcc/arm-none-eabi/7.2.1/thumb/v6-m\crtn.o
 .ARM.attributes
                0x00000a01       0x2c c:/nxp/mcuxpressoide_10.2.1_795/ide/tools/bin/../lib/gcc/arm-none-eabi/7.2.1/thumb/v6-m\crtbegin.o
 .ARM.attributes
                0x00000a2d       0x2c c:/nxp/mcuxpressoide_10.2.1_795/ide/tools/bin/../lib/gcc/arm-none-eabi/7.2.1/../../../../arm-none-eabi/lib/thumb/v6-m\libc_nano.a(lib_a-malloc.o)
 .ARM.attributes
                0x00000a59       0x1c c:/nxp/mcuxpressoide_10.2.1_795/ide/tools/bin/../lib/gcc/arm-none-eabi/7.2.1/../../../../arm-none-eabi/lib/thumb/v6-m\libc_nano.a(lib_a-strcmp.o)

.debug_frame    0x00000000     0x33dc
 .debug_frame   0x00000000      0x1f0 ./utilities/fsl_debug_console.o
 .debug_frame   0x000001f0      0x3b0 ./startup/startup_mkl25z4.o
 .debug_frame   0x000005a0      0x150 ./source/MMA8451Q/MMA8451Q.o
 .debug_frame   0x000006f0       0x70 ./source/ULOHA.o
 .debug_frame   0x00000760       0x20 ./source/semihost_hardfault.o
 .debug_frame   0x00000780      0x6e4 ./drivers/fsl_clock.o
 .debug_frame   0x00000e64       0x90 ./drivers/fsl_common.o
 .debug_frame   0x00000ef4      0x2e0 ./drivers/fsl_dma.o
 .debug_frame   0x000011d4      0x588 ./drivers/fsl_i2c.o
 .debug_frame   0x0000175c      0x418 ./drivers/fsl_lpsci.o
 .debug_frame   0x00001b74      0x470 ./drivers/fsl_spi.o
 .debug_frame   0x00001fe4      0x468 ./drivers/fsl_uart.o
 .debug_frame   0x0000244c       0x50 ./board/board.o
 .debug_frame   0x0000249c      0x100 ./board/clock_config.o
 .debug_frame   0x0000259c       0x2c ./board/peripherals.o
 .debug_frame   0x000025c8       0x88 ./board/pin_mux.o
 .debug_frame   0x00002650       0x4c ./CMSIS/system_MKL25Z4.o
 .debug_frame   0x0000269c       0x20 c:/nxp/mcuxpressoide_10.2.1_795/ide/tools/bin/../lib/gcc/arm-none-eabi/7.2.1/thumb/v6-m\libgcc.a(_udivsi3.o)
 .debug_frame   0x000026bc       0x20 c:/nxp/mcuxpressoide_10.2.1_795/ide/tools/bin/../lib/gcc/arm-none-eabi/7.2.1/thumb/v6-m\libgcc.a(_divsi3.o)
 .debug_frame   0x000026dc       0x3c c:/nxp/mcuxpressoide_10.2.1_795/ide/tools/bin/../lib/gcc/arm-none-eabi/7.2.1/thumb/v6-m\libgcc.a(divsf3.o)
 .debug_frame   0x00002718       0x2c c:/nxp/mcuxpressoide_10.2.1_795/ide/tools/bin/../lib/gcc/arm-none-eabi/7.2.1/thumb/v6-m\libgcc.a(floatsisf.o)
 .debug_frame   0x00002744       0x2c c:/nxp/mcuxpressoide_10.2.1_795/ide/tools/bin/../lib/gcc/arm-none-eabi/7.2.1/thumb/v6-m\libgcc.a(extendsfdf2.o)
 .debug_frame   0x00002770      0x2b4 c:/nxp/mcuxpressoide_10.2.1_795/ide/tools/bin/../lib/gcc/arm-none-eabi/7.2.1/thumb/v6-m\libgcc.a(unwind-arm.o)
 .debug_frame   0x00002a24       0xf4 c:/nxp/mcuxpressoide_10.2.1_795/ide/tools/bin/../lib/gcc/arm-none-eabi/7.2.1/thumb/v6-m\libgcc.a(pr-support.o)
 .debug_frame   0x00002b18       0x28 c:/nxp/mcuxpressoide_10.2.1_795/ide/tools/bin/../lib/gcc/arm-none-eabi/7.2.1/../../../../arm-none-eabi/lib/thumb/v6-m\libc_nano.a(lib_a-abort.o)
 .debug_frame   0x00002b40       0x2c c:/nxp/mcuxpressoide_10.2.1_795/ide/tools/bin/../lib/gcc/arm-none-eabi/7.2.1/../../../../arm-none-eabi/lib/thumb/v6-m\libc_nano.a(lib_a-init.o)
 .debug_frame   0x00002b6c       0x28 c:/nxp/mcuxpressoide_10.2.1_795/ide/tools/bin/../lib/gcc/arm-none-eabi/7.2.1/../../../../arm-none-eabi/lib/thumb/v6-m\libc_nano.a(lib_a-memcpy-stub.o)